Component: ARM Compiler 5.05 update 1 (build 106) Tool: armlink [4d0efa]

==============================================================================

Section Cross References

    main.o(.text) refers to misc.o(.text) for NVIC_PriorityGroupConfig
    main.o(.text) refers to delay.o(.text) for delay_init
    main.o(.text) refers to usart.o(.text) for uart_init
    main.o(.text) refers to bsp.o(.text) for bsp_pre_charge
    main.o(.text) refers to global_location.o(.text) for gl_GL_model_init
    main.o(.text) refers to can1.o(.text) for can1_CAN1_init
    main.o(.text) refers to chassis_driver.o(.text) for cd_chassis_driver_init
    main.o(.text) refers to adc.o(.text) for adc_adc3_init
    main.o(.text) refers to moving.o(.text) for moving_init
    main.o(.text) refers to tim2.o(.text) for tim2_TIM2_init
    main.o(.text) refers to task.o(.text) for task_frequency_control_main_loop
    main.o(.text) refers to moving.o(.data) for DEBUG_PLANNING_PATH
    system_stm32f4xx.o(.text) refers to system_stm32f4xx.o(.data) for SystemCoreClock
    startup_stm32f40_41xxx.o(STACK) refers (Special) to heapauxi.o(.text) for __use_two_region_memory
    startup_stm32f40_41xxx.o(HEAP) refers (Special) to heapauxi.o(.text) for __use_two_region_memory
    startup_stm32f40_41xxx.o(RESET) refers (Special) to heapauxi.o(.text) for __use_two_region_memory
    startup_stm32f40_41xxx.o(RESET) refers to startup_stm32f40_41xxx.o(STACK) for __initial_sp
    startup_stm32f40_41xxx.o(RESET) refers to startup_stm32f40_41xxx.o(.text) for Reset_Handler
    startup_stm32f40_41xxx.o(RESET) refers to adc.o(.text) for ADC_IRQHandler
    startup_stm32f40_41xxx.o(RESET) refers to can1.o(.text) for CAN1_TX_IRQHandler
    startup_stm32f40_41xxx.o(RESET) refers to tim2.o(.text) for TIM2_IRQHandler
    startup_stm32f40_41xxx.o(RESET) refers to usart.o(.text) for USART1_IRQHandler
    startup_stm32f40_41xxx.o(RESET) refers to gyro.o(.text) for UART4_IRQHandler
    startup_stm32f40_41xxx.o(RESET) refers to can2.o(.text) for CAN2_TX_IRQHandler
    startup_stm32f40_41xxx.o(.text) refers (Special) to heapauxi.o(.text) for __use_two_region_memory
    startup_stm32f40_41xxx.o(.text) refers to system_stm32f4xx.o(.text) for SystemInit
    startup_stm32f40_41xxx.o(.text) refers to __main.o(!!!main) for __main
    startup_stm32f40_41xxx.o(.text) refers to startup_stm32f40_41xxx.o(HEAP) for Heap_Mem
    startup_stm32f40_41xxx.o(.text) refers to startup_stm32f40_41xxx.o(STACK) for Stack_Mem
    stm32f4xx_adc.o(.text) refers to stm32f4xx_rcc.o(.text) for RCC_APB2PeriphResetCmd
    stm32f4xx_can.o(.text) refers to stm32f4xx_rcc.o(.text) for RCC_APB1PeriphResetCmd
    stm32f4xx_cryp.o(.text) refers to stm32f4xx_rcc.o(.text) for RCC_AHB2PeriphResetCmd
    stm32f4xx_cryp_aes.o(.text) refers to stm32f4xx_cryp.o(.text) for CRYP_KeyStructInit
    stm32f4xx_cryp_des.o(.text) refers to stm32f4xx_cryp.o(.text) for CRYP_KeyStructInit
    stm32f4xx_cryp_tdes.o(.text) refers to stm32f4xx_cryp.o(.text) for CRYP_KeyStructInit
    stm32f4xx_dac.o(.text) refers to stm32f4xx_rcc.o(.text) for RCC_APB1PeriphResetCmd
    stm32f4xx_dma2d.o(.text) refers to stm32f4xx_rcc.o(.text) for RCC_AHB1PeriphResetCmd
    stm32f4xx_fsmc.o(.text) refers to stm32f4xx_fsmc.o(.constdata) for FSMC_DefaultTimingStruct
    stm32f4xx_gpio.o(.text) refers to stm32f4xx_rcc.o(.text) for RCC_AHB1PeriphResetCmd
    stm32f4xx_hash.o(.text) refers to stm32f4xx_rcc.o(.text) for RCC_AHB2PeriphResetCmd
    stm32f4xx_hash_md5.o(.text) refers to stm32f4xx_hash.o(.text) for HASH_DeInit
    stm32f4xx_hash_sha1.o(.text) refers to stm32f4xx_hash.o(.text) for HASH_DeInit
    stm32f4xx_i2c.o(.text) refers to stm32f4xx_rcc.o(.text) for RCC_APB1PeriphResetCmd
    stm32f4xx_ltdc.o(.text) refers to stm32f4xx_rcc.o(.text) for RCC_APB2PeriphResetCmd
    stm32f4xx_pwr.o(.text) refers to stm32f4xx_rcc.o(.text) for RCC_APB1PeriphResetCmd
    stm32f4xx_rcc.o(.text) refers to stm32f4xx_rcc.o(.data) for APBAHBPrescTable
    stm32f4xx_rng.o(.text) refers to stm32f4xx_rcc.o(.text) for RCC_AHB2PeriphResetCmd
    stm32f4xx_sai.o(.text) refers to stm32f4xx_rcc.o(.text) for RCC_APB2PeriphResetCmd
    stm32f4xx_sdio.o(.text) refers to stm32f4xx_rcc.o(.text) for RCC_APB2PeriphResetCmd
    stm32f4xx_spi.o(.text) refers to stm32f4xx_rcc.o(.text) for RCC_APB2PeriphResetCmd
    stm32f4xx_syscfg.o(.text) refers to stm32f4xx_rcc.o(.text) for RCC_APB2PeriphResetCmd
    stm32f4xx_tim.o(.text) refers to stm32f4xx_rcc.o(.text) for RCC_APB2PeriphResetCmd
    stm32f4xx_usart.o(.text) refers to stm32f4xx_rcc.o(.text) for RCC_APB2PeriphResetCmd
    stm32f4xx_wwdg.o(.text) refers to stm32f4xx_rcc.o(.text) for RCC_APB1PeriphResetCmd
    delay.o(.text) refers to misc.o(.text) for SysTick_CLKSourceConfig
    delay.o(.text) refers to delay.o(.data) for fac_us
    usart.o(.rev16_text) refers (Special) to use_no_semi_2.o(.text) for __use_no_semihosting
    usart.o(.revsh_text) refers (Special) to use_no_semi_2.o(.text) for __use_no_semihosting
[...]
    _mutex_free                               - Undefined Weak Reference
    _mutex_release                            - Undefined Weak Reference
    _printf_post_padding                      - Undefined Weak Reference
    _printf_pre_padding                       - Undefined Weak Reference
    _rand_init                                - Undefined Weak Reference
    _signal_finish                            - Undefined Weak Reference
    _signal_init                              - Undefined Weak Reference
    _terminateio                              - Undefined Weak Reference
    __Vectors_Size                           0x00000188   Number         0  startup_stm32f40_41xxx.o ABSOLUTE
    __Vectors                                0x08000000   Data           4  startup_stm32f40_41xxx.o(RESET)
    __Vectors_End                            0x08000188   Data           0  startup_stm32f40_41xxx.o(RESET)
    __main                                   0x08000189   Thumb Code     8  __main.o(!!!main)
    __scatterload                            0x08000191   Thumb Code     0  __scatter.o(!!!scatter)
    __scatterload_rt2                        0x08000191   Thumb Code    44  __scatter.o(!!!scatter)
    __scatterload_rt2_thumb_only             0x08000191   Thumb Code     0  __scatter.o(!!!scatter)
    __scatterload_null                       0x0800019f   Thumb Code     0  __scatter.o(!!!scatter)
    __decompress                             0x080001c5   Thumb Code    90  __dczerorl2.o(!!dczerorl2)
    __decompress1                            0x080001c5   Thumb Code     0  __dczerorl2.o(!!dczerorl2)
    __scatterload_zeroinit                   0x08000221   Thumb Code    28  __scatter_zi.o(!!handler_zi)
    _printf_f                                0x0800023d   Thumb Code     0  _printf_f.o(.ARM.Collect$$_printf_percent$$00000003)
    _printf_percent                          0x0800023d   Thumb Code     0  _printf_percent.o(.ARM.Collect$$_printf_percent$$00000000)
    _printf_percent_end                      0x08000243   Thumb Code     0  _printf_percent_end.o(.ARM.Collect$$_printf_percent$$00000017)
    __rt_lib_init                            0x08000247   Thumb Code     0  libinit.o(.ARM.Collect$$libinit$$00000000)
    __rt_lib_init_fp_1                       0x08000249   Thumb Code     0  libinit2.o(.ARM.Collect$$libinit$$00000001)
    __rt_lib_init_heap_1                     0x0800024d   Thumb Code     0  libinit2.o(.ARM.Collect$$libinit$$0000000A)
    __rt_lib_init_lc_common                  0x0800024d   Thumb Code     0  libinit2.o(.ARM.Collect$$libinit$$0000000F)
    __rt_lib_init_preinit_1                  0x0800024d   Thumb Code     0  libinit2.o(.ARM.Collect$$libinit$$00000004)
    __rt_lib_init_rand_1                     0x0800024d   Thumb Code     0  libinit2.o(.ARM.Collect$$libinit$$0000000E)
    __rt_lib_init_user_alloc_1               0x0800024d   Thumb Code     0  libinit2.o(.ARM.Collect$$libinit$$0000000C)
    __rt_lib_init_lc_collate_1               0x08000253   Thumb Code     0  libinit2.o(.ARM.Collect$$libinit$$00000011)
    __rt_lib_init_lc_ctype_1                 0x08000253   Thumb Code     0  libinit2.o(.ARM.Collect$$libinit$$00000013)
    __rt_lib_init_lc_monetary_1              0x08000253   Thumb Code     0  libinit2.o(.ARM.Collect$$libinit$$00000015)
    __rt_lib_init_lc_numeric_2               0x08000253   Thumb Code     0  libinit2.o(.ARM.Collect$$libinit$$00000016)
    __rt_lib_init_alloca_1                   0x0800025d   Thumb Code     0  libinit2.o(.ARM.Collect$$libinit$$0000002E)
    __rt_lib_init_argv_1                     0x0800025d   Thumb Code     0  libinit2.o(.ARM.Collect$$libinit$$0000002C)
    __rt_lib_init_atexit_1                   0x0800025d   Thumb Code     0  libinit2.o(.ARM.Collect$$libinit$$0000001B)
    __rt_lib_init_clock_1                    0x0800025d   Thumb Code     0  libinit2.o(.ARM.Collect$$libinit$$00000021)
    __rt_lib_init_cpp_1                      0x0800025d   Thumb Code     0  libinit2.o(.ARM.Collect$$libinit$$00000032)
    __rt_lib_init_exceptions_1               0x0800025d   Thumb Code     0  libinit2.o(.ARM.Collect$$libinit$$00000030)
    __rt_lib_init_fp_trap_1                  0x0800025d   Thumb Code     0  libinit2.o(.ARM.Collect$$libinit$$0000001F)
    __rt_lib_init_getenv_1                   0x0800025d   Thumb Code     0  libinit2.o(.ARM.Collect$$libinit$$00000023)
    __rt_lib_init_lc_numeric_1               0x0800025d   Thumb Code     0  libinit2.o(.ARM.Collect$$libinit$$00000017)
    __rt_lib_init_lc_time_1                  0x0800025d   Thumb Code     0  libinit2.o(.ARM.Collect$$libinit$$00000019)
    __rt_lib_init_return                     0x0800025d   Thumb Code     0  libinit2.o(.ARM.Collect$$libinit$$00000033)
    __rt_lib_init_signal_1                   0x0800025d   Thumb Code     0  libinit2.o(.ARM.Collect$$libinit$$0000001D)
    __rt_lib_init_stdio_1                    0x0800025d   Thumb Code     0  libinit2.o(.ARM.Collect$$libinit$$00000025)
    __rt_lib_shutdown                        0x0800025f   Thumb Code     0  libshutdown.o(.ARM.Collect$$libshutdown$$00000000)
    __rt_lib_shutdown_fp_trap_1              0x08000261   Thumb Code     0  libshutdown2.o(.ARM.Collect$$libshutdown$$00000006)
    __rt_lib_shutdown_heap_1                 0x08000261   Thumb Code     0  libshutdown2.o(.ARM.Collect$$libshutdown$$0000000E)
    __rt_lib_shutdown_return                 0x08000261   Thumb Code     0  libshutdown2.o(.ARM.Collect$$libshutdown$$0000000F)
    __rt_lib_shutdown_signal_1               0x08000261   Thumb Code     0  libshutdown2.o(.ARM.Collect$$libshutdown$$00000009)
    __rt_lib_shutdown_stdio_1                0x08000261   Thumb Code     0  libshutdown2.o(.ARM.Collect$$libshutdown$$00000003)
    __rt_lib_shutdown_user_alloc_1           0x08000261   Thumb Code     0  libshutdown2.o(.ARM.Collect$$libshutdown$$0000000B)
    __rt_entry                               0x08000263   Thumb Code     0  __rtentry.o(.ARM.Collect$$rtentry$$00000000)
    __rt_entry_presh_1                       0x08000263   Thumb Code     0  __rtentry2.o(.ARM.Collect$$rtentry$$00000002)
    __rt_entry_sh                            0x08000263   Thumb Code     0  __rtentry4.o(.ARM.Collect$$rtentry$$00000004)
    __rt_entry_li                            0x08000269   Thumb Code     0  __rtentry2.o(.ARM.Collect$$rtentry$$0000000A)
    __rt_entry_postsh_1                      0x08000269   Thumb Code     0  __rtentry2.o(.ARM.Collect$$rtentry$$00000009)
    __rt_entry_main                          0x0800026d   Thumb Code     0  __rtentry2.o(.ARM.Collect$$rtentry$$0000000D)
    __rt_entry_postli_1                      0x0800026d   Thumb Code     0  __rtentry2.o(.ARM.Collect$$rtentry$$0000000C)
    __rt_exit                                0x08000275   Thumb Code     0  rtexit.o(.ARM.Collect$$rtexit$$00000000)
    __rt_exit_ls                             0x08000277   Thumb Code     0  rtexit2.o(.ARM.Collect$$rtexit$$00000003)
    __rt_exit_prels_1                        0x08000277   Thumb Code     0  rtexit2.o(.ARM.Collect$$rtexit$$00000002)
    __rt_exit_exit                           0x0800027b   Thumb Code     0  rtexit2.o(.ARM.Collect$$rtexit$$00000004)
    main                                     0x08000281   Thumb Code    70  main.o(.text)
    SystemInit                               0x080003ad   Thumb Code    88  system_stm32f4xx.o(.text)
    SystemCoreClockUpdate                    0x08000405   Thumb Code   174  system_stm32f4xx.o(.text)
    Reset_Handler                            0x080004e1   Thumb Code     8  startup_stm32f40_41xxx.o(.text)
    NMI_Handler                              0x080004e9   Thumb Code     2  startup_stm32f40_41xxx.o(.text)
    HardFault_Handler                        0x080004eb   Thumb Code     2  startup_stm32f40_41xxx.o(.text)
    MemManage_Handler                        0x080004ed   Thumb Code     2  startup_stm32f40_41xxx.o(.text)
    BusFault_Handler                         0x080004ef   Thumb Code     2  startup_stm32f40_41xxx.o(.text)
    UsageFault_Handler                       0x080004f1   Thumb Code     2  startup_stm32f40_41xxx.o(.text)
    SVC_Handler                              0x080004f3   Thumb Code     2  startup_stm32f40_41xxx.o(.text)
    DebugMon_Handler                         0x080004f5   Thumb Code     2  startup_stm32f40_41xxx.o(.text)
    PendSV_Handler                           0x080004f7   Thumb Code     2  startup_stm32f40_41xxx.o(.text)
    SysTick_Handler                          0x080004f9   Thumb Code     2  startup_stm32f40_41xxx.o(.text)
    CAN1_RX1_IRQHandler                      0x080004fb   Thumb Code     0  startup_stm32f40_41xxx.o(.text)
    CAN1_SCE_IRQHandler                      0x080004fb   Thumb Code     0  startup_stm32f40_41xxx.o(.text)
    CAN2_RX1_IRQHandler                      0x080004fb   Thumb Code     0  startup_stm32f40_41xxx.o(.text)
    CAN2_SCE_IRQHandler                      0x080004fb   Thumb Code     0  startup_stm32f40_41xxx.o(.text)
    CRYP_IRQHandler                          0x080004fb   Thumb Code     0  startup_stm32f40_41xxx.o(.text)
    DCMI_IRQHandler                          0x080004fb   Thumb Code     0  startup_stm32f40_41xxx.o(.text)
    DMA1_Stream0_IRQHandler                  0x080004fb   Thumb Code     0  startup_stm32f40_41xxx.o(.text)
    DMA1_Stream1_IRQHandler                  0x080004fb   Thumb Code     0  startup_stm32f40_41xxx.o(.text)
    DMA1_Stream2_IRQHandler                  0x080004fb   Thumb Code     0  startup_stm32f40_41xxx.o(.text)
    DMA1_Stream3_IRQHandler                  0x080004fb   Thumb Code     0  startup_stm32f40_41xxx.o(.text)
    DMA1_Stream4_IRQHandler                  0x080004fb   Thumb Code     0  startup_stm32f40_41xxx.o(.text)
    DMA1_Stream5_IRQHandler                  0x080004fb   Thumb Code     0  startup_stm32f40_41xxx.o(.text)
    DMA1_Stream6_IRQHandler                  0x080004fb   Thumb Code     0  startup_stm32f40_41xxx.o(.text)
    DMA1_Stream7_IRQHandler                  0x080004fb   Thumb Code     0  startup_stm32f40_41xxx.o(.text)
    DMA2_Stream0_IRQHandler                  0x080004fb   Thumb Code     0  startup_stm32f40_41xxx.o(.text)
    DMA2_Stream1_IRQHandler                  0x080004fb   Thumb Code     0  startup_stm32f40_41xxx.o(.text)
    DMA2_Stream2_IRQHandler                  0x080004fb   Thumb Code     0  startup_stm32f40_41xxx.o(.text)
    DMA2_Stream3_IRQHandler                  0x080004fb   Thumb Code     0  startup_stm32f40_41xxx.o(.text)
    DMA2_Stream4_IRQHandler                  0x080004fb   Thumb Code     0  startup_stm32f40_41xxx.o(.text)
    DMA2_Stream5_IRQHandler                  0x080004fb   Thumb Code     0  startup_stm32f40_41xxx.o(.text)
    DMA2_Stream6_IRQHandler                  0x080004fb   Thumb Code     0  startup_stm32f40_41xxx.o(.text)
    DMA2_Stream7_IRQHandler                  0x080004fb   Thumb Code     0  startup_stm32f40_41xxx.o(.text)
    ETH_IRQHandler                           0x080004fb   Thumb Code     0  startup_stm32f40_41xxx.o(.text)
    ETH_WKUP_IRQHandler                      0x080004fb   Thumb Code     0  startup_stm32f40_41xxx.o(.text)
    EXTI0_IRQHandler                         0x080004fb   Thumb Code     0  startup_stm32f40_41xxx.o(.text)
    EXTI15_10_IRQHandler                     0x080004fb   Thumb Code     0  startup_stm32f40_41xxx.o(.text)
    EXTI1_IRQHandler                         0x080004fb   Thumb Code     0  startup_stm32f40_41xxx.o(.text)
    EXTI2_IRQHandler                         0x080004fb   Thumb Code     0  startup_stm32f40_41xxx.o(.text)
    EXTI3_IRQHandler                         0x080004fb   Thumb Code     0  startup_stm32f40_41xxx.o(.text)
    EXTI4_IRQHandler                         0x080004fb   Thumb Code     0  startup_stm32f40_41xxx.o(.text)
    EXTI9_5_IRQHandler                       0x080004fb   Thumb Code     0  startup_stm32f40_41xxx.o(.text)
    FLASH_IRQHandler                         0x080004fb   Thumb Code     0  startup_stm32f40_41xxx.o(.text)
    FPU_IRQHandler                           0x080004fb   Thumb Code     0  startup_stm32f40_41xxx.o(.text)
    FSMC_IRQHandler                          0x080004fb   Thumb Code     0  startup_stm32f40_41xxx.o(.text)
    HASH_RNG_IRQHandler                      0x080004fb   Thumb Code     0  startup_stm32f40_41xxx.o(.text)
    I2C1_ER_IRQHandler                       0x080004fb   Thumb Code     0  startup_stm32f40_41xxx.o(.text)
    I2C1_EV_IRQHandler                       0x080004fb   Thumb Code     0  startup_stm32f40_41xxx.o(.text)
    I2C2_ER_IRQHandler                       0x080004fb   Thumb Code     0  startup_stm32f40_41xxx.o(.text)
    I2C2_EV_IRQHandler                       0x080004fb   Thumb Code     0  startup_stm32f40_41xxx.o(.text)
    I2C3_ER_IRQHandler                       0x080004fb   Thumb Code     0  startup_stm32f40_41xxx.o(.text)
    I2C3_EV_IRQHandler                       0x080004fb   Thumb Code     0  startup_stm32f40_41xxx.o(.text)
    OTG_FS_IRQHandler                        0x080004fb   Thumb Code     0  startup_stm32f40_41xxx.o(.text)
    OTG_FS_WKUP_IRQHandler                   0x080004fb   Thumb Code     0  startup_stm32f40_41xxx.o(.text)
    OTG_HS_EP1_IN_IRQHandler                 0x080004fb   Thumb Code     0  startup_stm32f40_41xxx.o(.text)
    OTG_HS_EP1_OUT_IRQHandler                0x080004fb   Thumb Code     0  startup_stm32f40_41xxx.o(.text)
    OTG_HS_IRQHandler                        0x080004fb   Thumb Code     0  startup_stm32f40_41xxx.o(.text)
    OTG_HS_WKUP_IRQHandler                   0x080004fb   Thumb Code     0  startup_stm32f40_41xxx.o(.text)
    PVD_IRQHandler                           0x080004fb   Thumb Code     0  startup_stm32f40_41xxx.o(.text)
    RCC_IRQHandler                           0x080004fb   Thumb Code     0  startup_stm32f40_41xxx.o(.text)
    RTC_Alarm_IRQHandler                     0x080004fb   Thumb Code     0  startup_stm32f40_41xxx.o(.text)
    RTC_WKUP_IRQHandler                      0x080004fb   Thumb Code     0  startup_stm32f40_41xxx.o(.text)
    SDIO_IRQHandler                          0x080004fb   Thumb Code     0  startup_stm32f40_41xxx.o(.text)
    SPI1_IRQHandler                          0x080004fb   Thumb Code     0  startup_stm32f40_41xxx.o(.text)
    SPI2_IRQHandler                          0x080004fb   Thumb Code     0  startup_stm32f40_41xxx.o(.text)
    SPI3_IRQHandler                          0x080004fb   Thumb Code     0  startup_stm32f40_41xxx.o(.text)
    TAMP_STAMP_IRQHandler                    0x080004fb   Thumb Code     0  startup_stm32f40_41xxx.o(.text)
    TIM1_BRK_TIM9_IRQHandler                 0x080004fb   Thumb Code     0  startup_stm32f40_41xxx.o(.text)
    TIM1_CC_IRQHandler                       0x080004fb   Thumb Code     0  startup_stm32f40_41xxx.o(.text)
    TIM1_TRG_COM_TIM11_IRQHandler            0x080004fb   Thumb Code     0  startup_stm32f40_41xxx.o(.text)
    TIM1_UP_TIM10_IRQHandler                 0x080004fb   Thumb Code     0  startup_stm32f40_41xxx.o(.text)
    TIM3_IRQHandler                          0x080004fb   Thumb Code     0  startup_stm32f40_41xxx.o(.text)
    TIM4_IRQHandler                          0x080004fb   Thumb Code     0  startup_stm32f40_41xxx.o(.text)
    TIM5_IRQHandler                          0x080004fb   Thumb Code     0  startup_stm32f40_41xxx.o(.text)
    TIM6_DAC_IRQHandler                      0x080004fb   Thumb Code     0  startup_stm32f40_41xxx.o(.text)
    TIM7_IRQHandler                          0x080004fb   Thumb Code     0  startup_stm32f40_41xxx.o(.text)
    TIM8_BRK_TIM12_IRQHandler                0x080004fb   Thumb Code     0  startup_stm32f40_41xxx.o(.text)
    TIM8_CC_IRQHandler                       0x080004fb   Thumb Code     0  startup_stm32f40_41xxx.o(.text)
    TIM8_TRG_COM_TIM14_IRQHandler            0x080004fb   Thumb Code     0  startup_stm32f40_41xxx.o(.text)
    TIM8_UP_TIM13_IRQHandler                 0x080004fb   Thumb Code     0  startup_stm32f40_41xxx.o(.text)
    UART5_IRQHandler                         0x080004fb   Thumb Code     0  startup_stm32f40_41xxx.o(.text)
    USART2_IRQHandler                        0x080004fb   Thumb Code     0  startup_stm32f40_41xxx.o(.text)
    USART3_IRQHandler                        0x080004fb   Thumb Code     0  startup_stm32f40_41xxx.o(.text)
    USART6_IRQHandler                        0x080004fb   Thumb Code     0  startup_stm32f40_41xxx.o(.text)
    WWDG_IRQHandler                          0x080004fb   Thumb Code     0  startup_stm32f40_41xxx.o(.text)
    __user_initial_stackheap                 0x080004fd   Thumb Code     0  startup_stm32f40_41xxx.o(.text)
    NVIC_PriorityGroupConfig                 0x08000521   Thumb Code    10  misc.o(.text)
    NVIC_Init                                0x0800052b   Thumb Code   106  misc.o(.text)
    NVIC_SetVectorTable                      0x08000595   Thumb Code    14  misc.o(.text)
    NVIC_SystemLPConfig                      0x080005a3   Thumb Code    34  misc.o(.text)
    SysTick_CLKSourceConfig                  0x080005c5   Thumb Code    40  misc.o(.text)
    ADC_DeInit                               0x08000601   Thumb Code    22  stm32f4xx_adc.o(.text)
    ADC_Init                                 0x08000617   Thumb Code    74  stm32f4xx_adc.o(.text)
    ADC_StructInit                           0x08000661   Thumb Code    20  stm32f4xx_adc.o(.text)
    ADC_CommonInit                           0x08000675   Thumb Code    34  stm32f4xx_adc.o(.text)
    ADC_CommonStructInit                     0x08000697   Thumb Code    12  stm32f4xx_adc.o(.text)
    ADC_Cmd                                  0x080006a3   Thumb Code    22  stm32f4xx_adc.o(.text)
    ADC_AnalogWatchdogCmd                    0x080006b9   Thumb Code    16  stm32f4xx_adc.o(.text)
    ADC_AnalogWatchdogThresholdsConfig       0x080006c9   Thumb Code     6  stm32f4xx_adc.o(.text)
    ADC_AnalogWatchdogSingleChannelConfig    0x080006cf   Thumb Code    16  stm32f4xx_adc.o(.text)
    ADC_TempSensorVrefintCmd                 0x080006df   Thumb Code    34  stm32f4xx_adc.o(.text)
    ADC_VBATCmd                              0x08000701   Thumb Code    34  stm32f4xx_adc.o(.text)
    ADC_RegularChannelConfig                 0x08000723   Thumb Code   184  stm32f4xx_adc.o(.text)
    ADC_SoftwareStartConv                    0x080007db   Thumb Code    10  stm32f4xx_adc.o(.text)
    ADC_GetSoftwareStartConvStatus           0x080007e5   Thumb Code    20  stm32f4xx_adc.o(.text)
    ADC_EOCOnEachRegularChannelCmd           0x080007f9   Thumb Code    22  stm32f4xx_adc.o(.text)
    ADC_ContinuousModeCmd                    0x0800080f   Thumb Code    22  stm32f4xx_adc.o(.text)
    ADC_DiscModeChannelCountConfig           0x08000825   Thumb Code    24  stm32f4xx_adc.o(.text)
    ADC_DiscModeCmd                          0x0800083d   Thumb Code    22  stm32f4xx_adc.o(.text)
    ADC_GetConversionValue                   0x08000853   Thumb Code     8  stm32f4xx_adc.o(.text)
    ADC_GetMultiModeConversionValue          0x0800085b   Thumb Code     8  stm32f4xx_adc.o(.text)
    ADC_DMACmd                               0x08000863   Thumb Code    22  stm32f4xx_adc.o(.text)
    ADC_DMARequestAfterLastTransferCmd       0x08000879   Thumb Code    22  stm32f4xx_adc.o(.text)
    ADC_MultiModeDMARequestAfterLastTransferCmd 0x0800088f   Thumb Code    34  stm32f4xx_adc.o(.text)
    ADC_InjectedChannelConfig                0x080008b1   Thumb Code   130  stm32f4xx_adc.o(.text)
    ADC_InjectedSequencerLengthConfig        0x08000933   Thumb Code    24  stm32f4xx_adc.o(.text)
    ADC_SetInjectedOffset                    0x0800094b   Thumb Code    20  stm32f4xx_adc.o(.text)
    ADC_ExternalTrigInjectedConvConfig       0x0800095f   Thumb Code    16  stm32f4xx_adc.o(.text)
    ADC_ExternalTrigInjectedConvEdgeConfig   0x0800096f   Thumb Code    16  stm32f4xx_adc.o(.text)
    ADC_SoftwareStartInjectedConv            0x0800097f   Thumb Code    10  stm32f4xx_adc.o(.text)
    ADC_GetSoftwareStartInjectedConvCmdStatus 0x08000989   Thumb Code    20  stm32f4xx_adc.o(.text)
    ADC_AutoInjectedConvCmd                  0x0800099d   Thumb Code    22  stm32f4xx_adc.o(.text)
    ADC_InjectedDiscModeCmd                  0x080009b3   Thumb Code    22  stm32f4xx_adc.o(.text)
    ADC_GetInjectedConversionValue           0x080009c9   Thumb Code    28  stm32f4xx_adc.o(.text)
    ADC_ITConfig                             0x080009e5   Thumb Code    56  stm32f4xx_adc.o(.text)
    ADC_GetFlagStatus                        0x08000a1d   Thumb Code    18  stm32f4xx_adc.o(.text)
    ADC_ClearFlag                            0x08000a2f   Thumb Code     6  stm32f4xx_adc.o(.text)
    ADC_GetITStatus                          0x08000a35   Thumb Code    38  stm32f4xx_adc.o(.text)
    ADC_ClearITPendingBit                    0x08000a5b   Thumb Code    10  stm32f4xx_adc.o(.text)
    CAN_DeInit                               0x08000a65   Thumb Code    50  stm32f4xx_can.o(.text)
    CAN_Init                                 0x08000a97   Thumb Code   276  stm32f4xx_can.o(.text)
    CAN_FilterInit                           0x08000bab   Thumb Code   258  stm32f4xx_can.o(.text)
    CAN_StructInit                           0x08000cad   Thumb Code    32  stm32f4xx_can.o(.text)
    CAN_SlaveStartBank                       0x08000ccd   Thumb Code    48  stm32f4xx_can.o(.text)
    CAN_DBGFreeze                            0x08000cfd   Thumb Code    22  stm32f4xx_can.o(.text)
    CAN_TTComModeCmd                         0x08000d13   Thumb Code   118  stm32f4xx_can.o(.text)
    CAN_Transmit                             0x08000d89   Thumb Code   304  stm32f4xx_can.o(.text)
    CAN_TransmitStatus                       0x08000eb9   Thumb Code   138  stm32f4xx_can.o(.text)
    CAN_CancelTransmit                       0x08000f43   Thumb Code    48  stm32f4xx_can.o(.text)
    CAN_Receive                              0x08000f73   Thumb Code   240  stm32f4xx_can.o(.text)
    CAN_FIFORelease                          0x08001063   Thumb Code    22  stm32f4xx_can.o(.text)
    CAN_MessagePending                       0x08001079   Thumb Code    30  stm32f4xx_can.o(.text)
    CAN_OperatingModeRequest                 0x08001097   Thumb Code   162  stm32f4xx_can.o(.text)
    CAN_Sleep                                0x08001139   Thumb Code    30  stm32f4xx_can.o(.text)
    CAN_WakeUp                               0x08001157   Thumb Code    48  stm32f4xx_can.o(.text)
    CAN_GetLastErrorCode                     0x08001187   Thumb Code    12  stm32f4xx_can.o(.text)
    CAN_GetReceiveErrorCounter               0x08001193   Thumb Code    10  stm32f4xx_can.o(.text)
    CAN_GetLSBTransmitErrorCounter           0x0800119d   Thumb Code    12  stm32f4xx_can.o(.text)
    CAN_ITConfig                             0x080011a9   Thumb Code    18  stm32f4xx_can.o(.text)
    CAN_GetFlagStatus                        0x080011bb   Thumb Code   120  stm32f4xx_can.o(.text)
    CAN_ClearFlag                            0x08001233   Thumb Code    52  stm32f4xx_can.o(.text)
    CAN_GetITStatus                          0x08001279   Thumb Code   310  stm32f4xx_can.o(.text)
    CAN_ClearITPendingBit                    0x080013af   Thumb Code   162  stm32f4xx_can.o(.text)
    GPIO_DeInit                              0x08001455   Thumb Code   268  stm32f4xx_gpio.o(.text)
    GPIO_Init                                0x08001561   Thumb Code   144  stm32f4xx_gpio.o(.text)
    GPIO_StructInit                          0x080015f1   Thumb Code    18  stm32f4xx_gpio.o(.text)
    GPIO_PinLockConfig                       0x08001603   Thumb Code    34  stm32f4xx_gpio.o(.text)
    GPIO_ReadInputDataBit                    0x08001625   Thumb Code    18  stm32f4xx_gpio.o(.text)
    GPIO_ReadInputData                       0x08001637   Thumb Code     8  stm32f4xx_gpio.o(.text)
    GPIO_ReadOutputDataBit                   0x0800163f   Thumb Code    18  stm32f4xx_gpio.o(.text)
    GPIO_ReadOutputData                      0x08001651   Thumb Code     8  stm32f4xx_gpio.o(.text)
    GPIO_SetBits                             0x08001659   Thumb Code     4  stm32f4xx_gpio.o(.text)
    GPIO_ResetBits                           0x0800165d   Thumb Code     4  stm32f4xx_gpio.o(.text)
    GPIO_WriteBit                            0x08001661   Thumb Code    10  stm32f4xx_gpio.o(.text)
    GPIO_Write                               0x0800166b   Thumb Code     4  stm32f4xx_gpio.o(.text)
    GPIO_ToggleBits                          0x0800166f   Thumb Code     8  stm32f4xx_gpio.o(.text)
    GPIO_PinAFConfig                         0x08001677   Thumb Code    70  stm32f4xx_gpio.o(.text)
    RCC_DeInit                               0x080016e9   Thumb Code    82  stm32f4xx_rcc.o(.text)
    RCC_HSEConfig                            0x0800173b   Thumb Code    14  stm32f4xx_rcc.o(.text)
    RCC_GetFlagStatus                        0x08001749   Thumb Code    60  stm32f4xx_rcc.o(.text)
    RCC_WaitForHSEStartUp                    0x08001785   Thumb Code    56  stm32f4xx_rcc.o(.text)
    RCC_AdjustHSICalibrationValue            0x080017bd   Thumb Code    20  stm32f4xx_rcc.o(.text)
    RCC_HSICmd                               0x080017d1   Thumb Code     6  stm32f4xx_rcc.o(.text)
    RCC_LSEConfig                            0x080017d7   Thumb Code    46  stm32f4xx_rcc.o(.text)
    RCC_LSICmd                               0x08001805   Thumb Code     6  stm32f4xx_rcc.o(.text)
    RCC_PLLConfig                            0x0800180b   Thumb Code    32  stm32f4xx_rcc.o(.text)
    RCC_PLLCmd                               0x0800182b   Thumb Code     6  stm32f4xx_rcc.o(.text)
    RCC_PLLI2SConfig                         0x08001831   Thumb Code    14  stm32f4xx_rcc.o(.text)
    RCC_PLLI2SCmd                            0x0800183f   Thumb Code     6  stm32f4xx_rcc.o(.text)
    RCC_PLLSAIConfig                         0x08001845   Thumb Code    20  stm32f4xx_rcc.o(.text)
    RCC_PLLSAICmd                            0x08001859   Thumb Code     6  stm32f4xx_rcc.o(.text)
    RCC_ClockSecuritySystemCmd               0x0800185f   Thumb Code     6  stm32f4xx_rcc.o(.text)
    RCC_MCO1Config                           0x08001865   Thumb Code    28  stm32f4xx_rcc.o(.text)
    RCC_MCO2Config                           0x08001881   Thumb Code    28  stm32f4xx_rcc.o(.text)
    RCC_SYSCLKConfig                         0x0800189d   Thumb Code    20  stm32f4xx_rcc.o(.text)
    RCC_GetSYSCLKSource                      0x080018b1   Thumb Code    12  stm32f4xx_rcc.o(.text)
    RCC_HCLKConfig                           0x080018bd   Thumb Code    20  stm32f4xx_rcc.o(.text)
    RCC_PCLK1Config                          0x080018d1   Thumb Code    20  stm32f4xx_rcc.o(.text)
    RCC_PCLK2Config                          0x080018e5   Thumb Code    22  stm32f4xx_rcc.o(.text)
    RCC_GetClocksFreq                        0x080018fb   Thumb Code   222  stm32f4xx_rcc.o(.text)
    RCC_RTCCLKConfig                         0x080019d9   Thumb Code    54  stm32f4xx_rcc.o(.text)
    RCC_RTCCLKCmd                            0x08001a0f   Thumb Code     8  stm32f4xx_rcc.o(.text)
    RCC_BackupResetCmd                       0x08001a17   Thumb Code     8  stm32f4xx_rcc.o(.text)
    RCC_I2SCLKConfig                         0x08001a1f   Thumb Code     6  stm32f4xx_rcc.o(.text)
    RCC_SAIPLLI2SClkDivConfig                0x08001a25   Thumb Code    26  stm32f4xx_rcc.o(.text)
    RCC_SAIPLLSAIClkDivConfig                0x08001a3f   Thumb Code    28  stm32f4xx_rcc.o(.text)
    RCC_SAIBlockACLKConfig                   0x08001a5b   Thumb Code    20  stm32f4xx_rcc.o(.text)
    RCC_SAIBlockBCLKConfig                   0x08001a6f   Thumb Code    20  stm32f4xx_rcc.o(.text)
    RCC_LTDCCLKDivConfig                     0x08001a83   Thumb Code    20  stm32f4xx_rcc.o(.text)
    RCC_TIMCLKPresConfig                     0x08001a97   Thumb Code     6  stm32f4xx_rcc.o(.text)
    RCC_AHB1PeriphClockCmd                   0x08001a9d   Thumb Code    34  stm32f4xx_rcc.o(.text)
    RCC_AHB2PeriphClockCmd                   0x08001abf   Thumb Code    78  stm32f4xx_rcc.o(.text)
    RCC_AHB3PeriphClockCmd                   0x08001b0d   Thumb Code    34  stm32f4xx_rcc.o(.text)
    RCC_APB1PeriphClockCmd                   0x08001b2f   Thumb Code    34  stm32f4xx_rcc.o(.text)
    RCC_APB2PeriphClockCmd                   0x08001b51   Thumb Code    34  stm32f4xx_rcc.o(.text)
    RCC_AHB1PeriphResetCmd                   0x08001b73   Thumb Code    34  stm32f4xx_rcc.o(.text)
    RCC_AHB2PeriphResetCmd                   0x08001b95   Thumb Code    34  stm32f4xx_rcc.o(.text)
    RCC_AHB3PeriphResetCmd                   0x08001bb7   Thumb Code    34  stm32f4xx_rcc.o(.text)
    RCC_APB1PeriphResetCmd                   0x08001bd9   Thumb Code    34  stm32f4xx_rcc.o(.text)
    RCC_APB2PeriphResetCmd                   0x08001bfb   Thumb Code    34  stm32f4xx_rcc.o(.text)
    RCC_AHB1PeriphClockLPModeCmd             0x08001c1d   Thumb Code    34  stm32f4xx_rcc.o(.text)
    RCC_AHB2PeriphClockLPModeCmd             0x08001c3f   Thumb Code    34  stm32f4xx_rcc.o(.text)
    RCC_AHB3PeriphClockLPModeCmd             0x08001c61   Thumb Code    34  stm32f4xx_rcc.o(.text)
    RCC_APB1PeriphClockLPModeCmd             0x08001c83   Thumb Code    34  stm32f4xx_rcc.o(.text)
    RCC_APB2PeriphClockLPModeCmd             0x08001ca5   Thumb Code    34  stm32f4xx_rcc.o(.text)
    RCC_LSEModeConfig                        0x08001cc7   Thumb Code    40  stm32f4xx_rcc.o(.text)
    RCC_ITConfig                             0x08001cef   Thumb Code    34  stm32f4xx_rcc.o(.text)
    RCC_ClearFlag                            0x08001d11   Thumb Code    18  stm32f4xx_rcc.o(.text)
    RCC_GetITStatus                          0x08001d23   Thumb Code    22  stm32f4xx_rcc.o(.text)
    RCC_ClearITPendingBit                    0x08001d39   Thumb Code     8  stm32f4xx_rcc.o(.text)
    TIM_DeInit                               0x08001d45   Thumb Code   346  stm32f4xx_tim.o(.text)
    TIM_TimeBaseInit                         0x08001e9f   Thumb Code   104  stm32f4xx_tim.o(.text)
    TIM_TimeBaseStructInit                   0x08001f07   Thumb Code    18  stm32f4xx_tim.o(.text)
    TIM_PrescalerConfig                      0x08001f19   Thumb Code     6  stm32f4xx_tim.o(.text)
    TIM_CounterModeConfig                    0x08001f1f   Thumb Code    18  stm32f4xx_tim.o(.text)
    TIM_SetCounter                           0x08001f31   Thumb Code     4  stm32f4xx_tim.o(.text)
    TIM_SetAutoreload                        0x08001f35   Thumb Code     4  stm32f4xx_tim.o(.text)
    TIM_GetCounter                           0x08001f39   Thumb Code     6  stm32f4xx_tim.o(.text)
    TIM_GetPrescaler                         0x08001f3f   Thumb Code     6  stm32f4xx_tim.o(.text)
    TIM_UpdateDisableConfig                  0x08001f45   Thumb Code    24  stm32f4xx_tim.o(.text)
    TIM_UpdateRequestConfig                  0x08001f5d   Thumb Code    24  stm32f4xx_tim.o(.text)
    TIM_ARRPreloadConfig                     0x08001f75   Thumb Code    24  stm32f4xx_tim.o(.text)
    TIM_SelectOnePulseMode                   0x08001f8d   Thumb Code    18  stm32f4xx_tim.o(.text)
    TIM_SetClockDivision                     0x08001f9f   Thumb Code    18  stm32f4xx_tim.o(.text)
    TIM_Cmd                                  0x08001fb1   Thumb Code    24  stm32f4xx_tim.o(.text)
    TIM_OC1Init                              0x08001fc9   Thumb Code   114  stm32f4xx_tim.o(.text)
    TIM_OC2Init                              0x0800203b   Thumb Code   154  stm32f4xx_tim.o(.text)
    TIM_OC3Init                              0x080020d5   Thumb Code   204  stm32f4xx_tim.o(.text)
    TIM_OC4Init                              0x080021a1   Thumb Code   112  stm32f4xx_tim.o(.text)
    TIM_OCStructInit                         0x08002211   Thumb Code    20  stm32f4xx_tim.o(.text)
    TIM_SelectOCxM                           0x08002225   Thumb Code    86  stm32f4xx_tim.o(.text)
    TIM_SetCompare1                          0x0800227b   Thumb Code     4  stm32f4xx_tim.o(.text)
    TIM_SetCompare2                          0x0800227f   Thumb Code     4  stm32f4xx_tim.o(.text)
    TIM_SetCompare3                          0x08002283   Thumb Code     4  stm32f4xx_tim.o(.text)
    TIM_SetCompare4                          0x08002287   Thumb Code     4  stm32f4xx_tim.o(.text)
    TIM_ForcedOC1Config                      0x0800228b   Thumb Code    18  stm32f4xx_tim.o(.text)
    TIM_ForcedOC2Config                      0x0800229d   Thumb Code    26  stm32f4xx_tim.o(.text)
    TIM_ForcedOC3Config                      0x080022b7   Thumb Code    18  stm32f4xx_tim.o(.text)
    TIM_ForcedOC4Config                      0x080022c9   Thumb Code    26  stm32f4xx_tim.o(.text)
    TIM_OC1PreloadConfig                     0x080022e3   Thumb Code    18  stm32f4xx_tim.o(.text)
    TIM_OC2PreloadConfig                     0x080022f5   Thumb Code    26  stm32f4xx_tim.o(.text)
    TIM_OC3PreloadConfig                     0x0800230f   Thumb Code    18  stm32f4xx_tim.o(.text)
    TIM_OC4PreloadConfig                     0x08002321   Thumb Code    26  stm32f4xx_tim.o(.text)
    TIM_OC1FastConfig                        0x0800233b   Thumb Code    18  stm32f4xx_tim.o(.text)
    TIM_OC2FastConfig                        0x0800234d   Thumb Code    26  stm32f4xx_tim.o(.text)
    TIM_OC3FastConfig                        0x08002367   Thumb Code    18  stm32f4xx_tim.o(.text)
    TIM_OC4FastConfig                        0x08002379   Thumb Code    26  stm32f4xx_tim.o(.text)
    TIM_ClearOC1Ref                          0x08002393   Thumb Code    18  stm32f4xx_tim.o(.text)
    TIM_ClearOC2Ref                          0x080023a5   Thumb Code    24  stm32f4xx_tim.o(.text)
    TIM_ClearOC3Ref                          0x080023bd   Thumb Code    18  stm32f4xx_tim.o(.text)
    TIM_ClearOC4Ref                          0x080023cf   Thumb Code    24  stm32f4xx_tim.o(.text)
    TIM_OC1PolarityConfig                    0x080023e7   Thumb Code    18  stm32f4xx_tim.o(.text)
    TIM_OC1NPolarityConfig                   0x080023f9   Thumb Code    18  stm32f4xx_tim.o(.text)
    TIM_OC2PolarityConfig                    0x0800240b   Thumb Code    26  stm32f4xx_tim.o(.text)
    TIM_OC2NPolarityConfig                   0x08002425   Thumb Code    26  stm32f4xx_tim.o(.text)
    TIM_OC3PolarityConfig                    0x0800243f   Thumb Code    26  stm32f4xx_tim.o(.text)
    TIM_OC3NPolarityConfig                   0x08002459   Thumb Code    26  stm32f4xx_tim.o(.text)
    TIM_OC4PolarityConfig                    0x08002473   Thumb Code    26  stm32f4xx_tim.o(.text)
    TIM_CCxCmd                               0x0800248d   Thumb Code    30  stm32f4xx_tim.o(.text)
    TIM_CCxNCmd                              0x080024ab   Thumb Code    30  stm32f4xx_tim.o(.text)
    TIM_SetIC4Prescaler                      0x080024c9   Thumb Code    26  stm32f4xx_tim.o(.text)
    TIM_SetIC3Prescaler                      0x08002533   Thumb Code    18  stm32f4xx_tim.o(.text)
    TIM_SetIC2Prescaler                      0x0800258d   Thumb Code    26  stm32f4xx_tim.o(.text)
    TIM_SetIC1Prescaler                      0x08002601   Thumb Code    18  stm32f4xx_tim.o(.text)
    TIM_ICInit                               0x0800264d   Thumb Code   110  stm32f4xx_tim.o(.text)
    TIM_ICStructInit                         0x080026bb   Thumb Code    18  stm32f4xx_tim.o(.text)
    TIM_PWMIConfig                           0x080026cd   Thumb Code   124  stm32f4xx_tim.o(.text)
    TIM_GetCapture1                          0x08002749   Thumb Code     6  stm32f4xx_tim.o(.text)
    TIM_GetCapture2                          0x0800274f   Thumb Code     6  stm32f4xx_tim.o(.text)
    TIM_GetCapture3                          0x08002755   Thumb Code     6  stm32f4xx_tim.o(.text)
    TIM_GetCapture4                          0x0800275b   Thumb Code     6  stm32f4xx_tim.o(.text)
    TIM_BDTRConfig                           0x08002761   Thumb Code    32  stm32f4xx_tim.o(.text)
    TIM_BDTRStructInit                       0x08002781   Thumb Code    18  stm32f4xx_tim.o(.text)
    TIM_CtrlPWMOutputs                       0x08002793   Thumb Code    30  stm32f4xx_tim.o(.text)
    TIM_SelectCOM                            0x080027b1   Thumb Code    24  stm32f4xx_tim.o(.text)
    TIM_CCPreloadControl                     0x080027c9   Thumb Code    24  stm32f4xx_tim.o(.text)
    TIM_ITConfig                             0x080027e1   Thumb Code    18  stm32f4xx_tim.o(.text)
    TIM_GenerateEvent                        0x080027f3   Thumb Code     4  stm32f4xx_tim.o(.text)
    TIM_GetFlagStatus                        0x080027f7   Thumb Code    18  stm32f4xx_tim.o(.text)
    TIM_ClearFlag                            0x08002809   Thumb Code     6  stm32f4xx_tim.o(.text)
    TIM_GetITStatus                          0x0800280f   Thumb Code    34  stm32f4xx_tim.o(.text)
    TIM_ClearITPendingBit                    0x08002831   Thumb Code     6  stm32f4xx_tim.o(.text)
    TIM_DMAConfig                            0x08002837   Thumb Code    10  stm32f4xx_tim.o(.text)
    TIM_DMACmd                               0x08002841   Thumb Code    18  stm32f4xx_tim.o(.text)
    TIM_SelectCCDMA                          0x08002853   Thumb Code    24  stm32f4xx_tim.o(.text)
    TIM_InternalClockConfig                  0x0800286b   Thumb Code    12  stm32f4xx_tim.o(.text)
    TIM_SelectInputTrigger                   0x08002877   Thumb Code    18  stm32f4xx_tim.o(.text)
    TIM_ITRxExternalClockConfig              0x08002889   Thumb Code    24  stm32f4xx_tim.o(.text)
    TIM_TIxExternalClockConfig               0x080028a1   Thumb Code    62  stm32f4xx_tim.o(.text)
    TIM_ETRConfig                            0x080028df   Thumb Code    28  stm32f4xx_tim.o(.text)
    TIM_ETRClockMode1Config                  0x080028fb   Thumb Code    54  stm32f4xx_tim.o(.text)
    TIM_ETRClockMode2Config                  0x08002931   Thumb Code    32  stm32f4xx_tim.o(.text)
    TIM_SelectOutputTrigger                  0x08002951   Thumb Code    18  stm32f4xx_tim.o(.text)
    TIM_SelectSlaveMode                      0x08002963   Thumb Code    18  stm32f4xx_tim.o(.text)
    TIM_SelectMasterSlaveMode                0x08002975   Thumb Code    18  stm32f4xx_tim.o(.text)
    TIM_EncoderInterfaceConfig               0x08002987   Thumb Code    66  stm32f4xx_tim.o(.text)
    TIM_SelectHallSensor                     0x080029c9   Thumb Code    24  stm32f4xx_tim.o(.text)
    TIM_RemapConfig                          0x080029e1   Thumb Code     6  stm32f4xx_tim.o(.text)
    USART_DeInit                             0x080029e9   Thumb Code   206  stm32f4xx_usart.o(.text)
    USART_Init                               0x08002ab7   Thumb Code   204  stm32f4xx_usart.o(.text)
    USART_StructInit                         0x08002b83   Thumb Code    24  stm32f4xx_usart.o(.text)
    USART_ClockInit                          0x08002b9b   Thumb Code    32  stm32f4xx_usart.o(.text)
    USART_ClockStructInit                    0x08002bbb   Thumb Code    12  stm32f4xx_usart.o(.text)
    USART_Cmd                                0x08002bc7   Thumb Code    24  stm32f4xx_usart.o(.text)
    USART_SetPrescaler                       0x08002bdf   Thumb Code    16  stm32f4xx_usart.o(.text)
    USART_OverSampling8Cmd                   0x08002bef   Thumb Code    22  stm32f4xx_usart.o(.text)
    USART_OneBitMethodCmd                    0x08002c05   Thumb Code    24  stm32f4xx_usart.o(.text)
    USART_SendData                           0x08002c1d   Thumb Code     8  stm32f4xx_usart.o(.text)
    USART_ReceiveData                        0x08002c25   Thumb Code    10  stm32f4xx_usart.o(.text)
    USART_SetAddress                         0x08002c2f   Thumb Code    18  stm32f4xx_usart.o(.text)
    USART_ReceiverWakeUpCmd                  0x08002c41   Thumb Code    24  stm32f4xx_usart.o(.text)
    USART_WakeUpConfig                       0x08002c59   Thumb Code    18  stm32f4xx_usart.o(.text)
    USART_LINBreakDetectLengthConfig         0x08002c6b   Thumb Code    18  stm32f4xx_usart.o(.text)
    USART_LINCmd                             0x08002c7d   Thumb Code    24  stm32f4xx_usart.o(.text)
    USART_SendBreak                          0x08002c95   Thumb Code    10  stm32f4xx_usart.o(.text)
    USART_HalfDuplexCmd                      0x08002c9f   Thumb Code    24  stm32f4xx_usart.o(.text)
    USART_SetGuardTime                       0x08002cb7   Thumb Code    16  stm32f4xx_usart.o(.text)
    USART_SmartCardCmd                       0x08002cc7   Thumb Code    24  stm32f4xx_usart.o(.text)
    USART_SmartCardNACKCmd                   0x08002cdf   Thumb Code    24  stm32f4xx_usart.o(.text)
    USART_IrDAConfig                         0x08002cf7   Thumb Code    18  stm32f4xx_usart.o(.text)
    USART_IrDACmd                            0x08002d09   Thumb Code    24  stm32f4xx_usart.o(.text)
    USART_DMACmd                             0x08002d21   Thumb Code    18  stm32f4xx_usart.o(.text)
    USART_ITConfig                           0x08002d33   Thumb Code    74  stm32f4xx_usart.o(.text)
    USART_GetFlagStatus                      0x08002d7d   Thumb Code    26  stm32f4xx_usart.o(.text)
    USART_ClearFlag                          0x08002d97   Thumb Code    18  stm32f4xx_usart.o(.text)
    USART_GetITStatus                        0x08002da9   Thumb Code   118  stm32f4xx_usart.o(.text)
    USART_ClearITPendingBit                  0x08002e1f   Thumb Code    30  stm32f4xx_usart.o(.text)
    delay_init                               0x08002e3d   Thumb Code    52  delay.o(.text)
    delay_us                                 0x08002e71   Thumb Code    72  delay.o(.text)
    delay_xms                                0x08002eb9   Thumb Code    72  delay.o(.text)
    delay_ms                                 0x08002f01   Thumb Code    56  delay.o(.text)
    _sys_exit                                0x08002f41   Thumb Code     4  usart.o(.text)
    fputc                                    0x08002f45   Thumb Code    22  usart.o(.text)
    uart_init                                0x08002f5b   Thumb Code   164  usart.o(.text)
    USART1_IRQHandler                        0x08002fff   Thumb Code   122  usart.o(.text)
    bsp_pre_charge                           0x08003089   Thumb Code    72  bsp.o(.text)
    tim2_TIM2_init                           0x080030d5   Thumb Code    98  tim2.o(.text)
    tim2_start_main_loop                     0x08003137   Thumb Code    12  tim2.o(.text)
    TIM2_IRQHandler                          0x08003143   Thumb Code   114  tim2.o(.text)
    can1_CAN1_init                           0x080031b9   Thumb Code   264  can1.o(.text)
    CAN1_TX_IRQHandler                       0x080032c1   Thumb Code    28  can1.o(.text)
    CAN1_RX0_IRQHandler                      0x080032dd   Thumb Code   520  can1.o(.text)
    can2_CAN2_init                           0x08003509   Thumb Code   270  can2.o(.text)
    CAN2_TX_IRQHandler                       0x08003617   Thumb Code    22  can2.o(.text)
    CAN2_RX0_IRQHandler                      0x0800362d   Thumb Code    42  can2.o(.text)
    gyro_UART4_init                          0x08003661   Thumb Code   172  gyro.o(.text)
    gyro_processing_gyro_data                0x0800370d   Thumb Code    76  gyro.o(.text)
    UART4_IRQHandler                         0x08003759   Thumb Code    46  gyro.o(.text)
    PID_parameter_init                       0x080037a1   Thumb Code    60  pid.o(.text)
    PID_reset_PID                            0x080037dd   Thumb Code    40  pid.o(.text)
    PID_abs_limit                            0x08003805   Thumb Code    38  pid.o(.text)
    PID_incremental_PID_calculation          0x0800382b   Thumb Code   226  pid.o(.text)
    PID_incremental_PID_calculation_by_error 0x0800390d   Thumb Code   188  pid.o(.text)
    PID_position_PID_calculation             0x080039c9   Thumb Code   176  pid.o(.text)
    PID_position_PID_calculation_by_error    0x08003a79   Thumb Code   168  pid.o(.text)
    encoder_TIM4_init                        0x08003b25   Thumb Code   156  encoder.o(.text)
    encoder_TIM8_init                        0x08003bc1   Thumb Code   154  encoder.o(.text)
    encoder_get_encoder_CNT                  0x08003c5b   Thumb Code    56  encoder.o(.text)
    m3508_m3508_motor_init                   0x08003ca5   Thumb Code    30  m3508.o(.text)
    m3508_update_m3508_info                  0x08003cc3   Thumb Code    56  m3508.o(.text)
    m3508_send_m3508_currents                0x08003cfb   Thumb Code   220  m3508.o(.text)
    m3508_set_m3508_rpm                      0x08003dd7   Thumb Code    62  m3508.o(.text)
    CAN_RoboModule_DRV_Reset                 0x08003e43   Thumb Code   148  robomodule.o(.text)
    CAN_RoboModule_DRV_Mode_Choice           0x08003ed7   Thumb Code   148  robomodule.o(.text)
    CAN_RoboModule_DRV_OpenLoop_Mode         0x08003f6b   Thumb Code   172  robomodule.o(.text)
    CAN_RoboModule_DRV_Current_Mode          0x08004017   Thumb Code   198  robomodule.o(.text)
    CAN_RoboModule_DRV_Velocity_Mode         0x080040dd   Thumb Code   198  robomodule.o(.text)
    CAN_RoboModule_DRV_Position_Mode         0x080041a3   Thumb Code   202  robomodule.o(.text)
    CAN_RoboModule_DRV_Velocity_Position_Mode 0x0800426d   Thumb Code   246  robomodule.o(.text)
    CAN_RoboModule_DRV_Current_Velocity_Mode 0x08004363   Thumb Code   178  robomodule.o(.text)
    CAN_RoboModule_DRV_Current_Position_Mode 0x08004415   Thumb Code   182  robomodule.o(.text)
    CAN_RoboModule_DRV_Current_Velocity_Position_Mode 0x080044cb   Thumb Code   208  robomodule.o(.text)
    CAN_RoboModule_DRV_Config                0x0800459b   Thumb Code   154  robomodule.o(.text)
    CAN_RoboModule_DRV_Online_Check          0x08004635   Thumb Code   166  robomodule.o(.text)
    adc_adc3_init                            0x080046e1   Thumb Code   198  adc.o(.text)
    ADC_IRQHandler                           0x080047a7   Thumb Code    28  adc.o(.text)
    adc_update_info                          0x080047c3   Thumb Code   174  adc.o(.text)
    initQueue                                0x08004895   Thumb Code    16  queue.o(.text)
    destroyQueue                             0x080048a5   Thumb Code    14  queue.o(.text)
    clearQueue                               0x080048b3   Thumb Code     8  queue.o(.text)
    isEmpityQueue                            0x080048bb   Thumb Code    18  queue.o(.text)
    isFullQueue                              0x080048cd   Thumb Code    30  queue.o(.text)
    getQueueLen                              0x080048eb   Thumb Code    22  queue.o(.text)
    enQueue                                  0x08004901   Thumb Code    32  queue.o(.text)
    deQueue                                  0x08004921   Thumb Code    34  queue.o(.text)
    queueTraverse                            0x08004943   Thumb Code    26  queue.o(.text)
    queueSum                                 0x0800495d   Thumb Code    40  queue.o(.text)
    gl_GL_model_init                         0x08004989   Thumb Code   126  global_location.o(.text)
    gl_encoder_to_GL_conversion              0x08004a07   Thumb Code  1102  global_location.o(.text)
    gl_update_GL_position                    0x08004e55   Thumb Code    74  global_location.o(.text)
    cd_chassis_driver_init                   0x08004ead   Thumb Code    62  chassis_driver.o(.text)
    cd_world_kinematic_conversion_4wheels    0x08004eeb   Thumb Code   880  chassis_driver.o(.text)
    cd_chassis_velocity_adjust               0x0800525b   Thumb Code   210  chassis_driver.o(.text)
    task_1Hz                                 0x08005331   Thumb Code     8  task.o(.text)
    task_2Hz                                 0x08005339   Thumb Code     2  task.o(.text)
    task_5Hz                                 0x0800533b   Thumb Code     2  task.o(.text)
    task_10Hz                                0x0800533d   Thumb Code     2  task.o(.text)
    task_20Hz                                0x0800533f   Thumb Code     2  task.o(.text)
    task_50Hz                                0x08005341   Thumb Code     2  task.o(.text)
    task_100Hz                               0x08005343   Thumb Code     2  task.o(.text)
    task_200Hz                               0x08005345   Thumb Code     8  task.o(.text)
    task_500Hz                               0x0800534d   Thumb Code     2  task.o(.text)
    task_1000Hz                              0x0800534f   Thumb Code    20  task.o(.text)
    task_frequency_control_main_loop         0x08005363   Thumb Code   188  task.o(.text)
    float_abs                                0x08005425   Thumb Code    20  moving.o(.text)
    moving_yaw_adjusting_pure_PID            0x08005439   Thumb Code   290  moving.o(.text)
    moving_yaw_adjusting_time_and_PID        0x0800555b   Thumb Code   412  moving.o(.text)
    moving_point_track                       0x080056f7   Thumb Code   186  moving.o(.text)
    moving_line_velocity_planning_trapezoidal_V 0x080057b1   Thumb Code   498  moving.o(.text)
    moving_line_velocity_planning            0x080059a3   Thumb Code    92  moving.o(.text)
    moving_line_track                        0x080059ff   Thumb Code  1730  moving.o(.text)
    moving_arc_velocity_planning_trapezoidal_V 0x080060c1   Thumb Code   614  moving.o(.text)
    moving_arc_velocity_planning             0x08006327   Thumb Code    92  moving.o(.text)
    moving_arc_track                         0x08006383   Thumb Code   954  moving.o(.text)
    moving_assign_path_parameter             0x0800673d   Thumb Code  1404  moving.o(.text)
    moving_path_tracking                     0x08006cb9   Thumb Code   324  moving.o(.text)
    moving_URTUU_TO_RZ_switch_mode_8         0x08006dfd   Thumb Code    28  moving.o(.text)
    moving_URTUU_TO_RZ_switch_mode_7         0x08006e19   Thumb Code    28  moving.o(.text)
    moving_URTUU_TO_RZ_switch_mode_6         0x08006e35   Thumb Code    28  moving.o(.text)
    moving_URTUU_TO_RZ_switch_mode_5         0x08006e51   Thumb Code    28  moving.o(.text)
    moving_URTUU_TO_RZ_switch_mode_4         0x08006e6d   Thumb Code    28  moving.o(.text)
    moving_URTUU_TO_RZ_switch_mode_3         0x08006e89   Thumb Code    28  moving.o(.text)
    moving_URTUU_TO_RZ_switch_mode_2         0x08006ea5   Thumb Code    46  moving.o(.text)
    moving_URTUU_TO_RZ_switch_mode_1         0x08006ed3   Thumb Code    46  moving.o(.text)
    moving_URTUU_TO_RZ_switch_mode_0         0x08006f01   Thumb Code    28  moving.o(.text)
    moving_select_switch_mode_URTUU_TO_RZ    0x08006f1d   Thumb Code   118  moving.o(.text)
    moving_action_task                       0x08006f93   Thumb Code   260  moving.o(.text)
    moving_init                              0x08007097   Thumb Code   134  moving.o(.text)
    location_update_robot_real_position      0x080071c9   Thumb Code    70  location.o(.text)
    debug_by_UART                            0x08007219   Thumb Code   116  debug.o(.text)
    debug_single_m3508_in_main               0x0800728d   Thumb Code    98  debug.o(.text)
    debug_chassis_without_remote_control_in_main 0x080072ef   Thumb Code    56  debug.o(.text)
    debug_path_tracking_with_single_path_in_task 0x08007327   Thumb Code    34  debug.o(.text)
    __use_no_semihosting                     0x080073a5   Thumb Code     2  use_no_semi_2.o(.text)
    free                                     0x080073a7   Thumb Code    78  h1_free.o(.text)
    __2printf                                0x080073f5   Thumb Code    20  noretval__2printf.o(.text)
    __printf                                 0x0800740d   Thumb Code   104  __printf.o(.text)
    __use_two_region_memory                  0x08007475   Thumb Code     2  heapauxi.o(.text)
    __rt_heap_escrow                         0x08007477   Thumb Code     2  heapauxi.o(.text)
    __rt_heap_expand                         0x08007479   Thumb Code     2  heapauxi.o(.text)
    __I$use$semihosting                      0x0800747b   Thumb Code     0  use_no_semi.o(.text)
    __use_no_semihosting_swi                 0x0800747b   Thumb Code     2  use_no_semi.o(.text)
    __rt_heap_descriptor                     0x0800747d   Thumb Code     8  rt_heap_descriptor_intlibspace.o(.text)
    __read_errno                             0x08007485   Thumb Code    10  _rserrno.o(.text)
    __set_errno                              0x0800748f   Thumb Code    12  _rserrno.o(.text)
    __lib_sel_fp_printf                      0x0800749b   Thumb Code     2  _printf_fp_dec.o(.text)
    _printf_fp_dec_real                      0x08007649   Thumb Code   620  _printf_fp_dec.o(.text)
    _printf_char_file                        0x080078b5   Thumb Code    32  _printf_char_file.o(.text)
    __user_libspace                          0x080078d9   Thumb Code     8  libspace.o(.text)
    __user_perproc_libspace                  0x080078d9   Thumb Code     0  libspace.o(.text)
    __user_perthread_libspace                0x080078d9   Thumb Code     0  libspace.o(.text)
    __rt_locale                              0x080078e1   Thumb Code     8  rt_locale_intlibspace.o(.text)
    __aeabi_errno_addr                       0x080078e9   Thumb Code     8  rt_errno_addr_intlibspace.o(.text)
    __errno$intlibspace                      0x080078e9   Thumb Code     0  rt_errno_addr_intlibspace.o(.text)
    __rt_errno_addr$intlibspace              0x080078e9   Thumb Code     0  rt_errno_addr_intlibspace.o(.text)
    _ll_udiv10                               0x080078f1   Thumb Code   138  lludiv10.o(.text)
    _printf_char_common                      0x08007987   Thumb Code    32  _printf_char_common.o(.text)
    _printf_fp_infnan                        0x080079ad   Thumb Code   112  _printf_fp_infnan.o(.text)
    _btod_etento                             0x08007a2d   Thumb Code   216  bigflt0.o(.text)
    ferror                                   0x08007b09   Thumb Code     8  ferror.o(.text)
    __user_setup_stackheap                   0x08007b11   Thumb Code    74  sys_stackheap_outer.o(.text)
    exit                                     0x08007b5b   Thumb Code    12  exit.o(.text)
    strcmp                                   0x08007b69   Thumb Code   128  strcmpv7m.o(.text)
    _btod_d2e                                0x08007be9   Thumb Code    62  btod.o(CL$$btod_d2e)
    _d2e_denorm_low                          0x08007c27   Thumb Code    70  btod.o(CL$$btod_d2e_denorm_low)
    _d2e_norm_op1                            0x08007c6d   Thumb Code    96  btod.o(CL$$btod_d2e_norm_op1)
    __btod_div_common                        0x08007ccd   Thumb Code   696  btod.o(CL$$btod_div_common)
    _e2e                                     0x08008005   Thumb Code   198  btod.o(CL$$btod_e2e)
    _btod_ediv                               0x080080cb   Thumb Code    40  btod.o(CL$$btod_ediv)
    _btod_emul                               0x080080f3   Thumb Code    40  btod.o(CL$$btod_emul)
    __btod_mult_common                       0x0800811b   Thumb Code   580  btod.o(CL$$btod_mult_common)
    __ARM_fpclassify                         0x0800835f   Thumb Code    48  fpclassify.o(i.__ARM_fpclassify)
    __hardfp_acos                            0x08008391   Thumb Code   738  acos.o(i.__hardfp_acos)
    __hardfp_cos                             0x080086e9   Thumb Code   180  cos.o(i.__hardfp_cos)
    __hardfp_sin                             0x080087b1   Thumb Code   180  sin.o(i.__hardfp_sin)
    __hardfp_sqrt                            0x08008879   Thumb Code   122  sqrt.o(i.__hardfp_sqrt)
    __ieee754_rem_pio2                       0x080088f9   Thumb Code   938  rred.o(i.__ieee754_rem_pio2)
    __kernel_cos                             0x08008d31   Thumb Code   322  cos_i.o(i.__kernel_cos)
    __kernel_poly                            0x08008ea1   Thumb Code   248  poly.o(i.__kernel_poly)
    __kernel_sin                             0x08008f99   Thumb Code   280  sin_i.o(i.__kernel_sin)
    __mathlib_dbl_infnan                     0x080090c9   Thumb Code    20  dunder.o(i.__mathlib_dbl_infnan)
    __mathlib_dbl_invalid                    0x080090e1   Thumb Code    24  dunder.o(i.__mathlib_dbl_invalid)
    __mathlib_dbl_underflow                  0x08009101   Thumb Code    24  dunder.o(i.__mathlib_dbl_underflow)
    fabs                                     0x08009121   Thumb Code    24  fabs.o(i.fabs)
    sqrt                                     0x08009139   Thumb Code   110  sqrt.o(i.sqrt)
    _get_lc_numeric                          0x080091a9   Thumb Code    44  lc_numeric_c.o(locale$$code)
    __aeabi_dneg                             0x080091d5   Thumb Code     0  basic.o(x$fpl$basic)
    _dneg                                    0x080091d5   Thumb Code     6  basic.o(x$fpl$basic)
    __aeabi_fneg                             0x080091db   Thumb Code     0  basic.o(x$fpl$basic)
    _fneg                                    0x080091db   Thumb Code     6  basic.o(x$fpl$basic)
    _dabs                                    0x080091e1   Thumb Code     6  basic.o(x$fpl$basic)
    _fabs                                    0x080091e7   Thumb Code     6  basic.o(x$fpl$basic)
    __aeabi_d2f                              0x080091ed   Thumb Code     0  d2f.o(x$fpl$d2f)
    _d2f                                     0x080091ed   Thumb Code    98  d2f.o(x$fpl$d2f)
    __aeabi_dadd                             0x08009251   Thumb Code     0  daddsub_clz.o(x$fpl$dadd)
    _dadd                                    0x08009251   Thumb Code   332  daddsub_clz.o(x$fpl$dadd)
    __aeabi_ddiv                             0x080093a1   Thumb Code     0  ddiv.o(x$fpl$ddiv)
    _ddiv                                    0x080093a1   Thumb Code   552  ddiv.o(x$fpl$ddiv)
    __aeabi_d2iz                             0x08009651   Thumb Code     0  dfix.o(x$fpl$dfix)
    _dfix                                    0x08009651   Thumb Code    94  dfix.o(x$fpl$dfix)
    __aeabi_i2d                              0x080096af   Thumb Code     0  dflt_clz.o(x$fpl$dflt)
    _dflt                                    0x080096af   Thumb Code    46  dflt_clz.o(x$fpl$dflt)
    __aeabi_ui2d                             0x080096dd   Thumb Code     0  dflt_clz.o(x$fpl$dfltu)
    _dfltu                                   0x080096dd   Thumb Code    38  dflt_clz.o(x$fpl$dfltu)
    __aeabi_dmul                             0x08009705   Thumb Code     0  dmul.o(x$fpl$dmul)
    _dmul                                    0x08009705   Thumb Code   332  dmul.o(x$fpl$dmul)
    __fpl_dnaninf                            0x08009859   Thumb Code   156  dnaninf.o(x$fpl$dnaninf)
    __fpl_dretinf                            0x080098f5   Thumb Code    12  dretinf.o(x$fpl$dretinf)
    __aeabi_drsub                            0x08009901   Thumb Code     0  daddsub_clz.o(x$fpl$drsb)
    _drsb                                    0x08009901   Thumb Code    22  daddsub_clz.o(x$fpl$drsb)
    _dsqrt                                   0x08009919   Thumb Code   404  dsqrt_umaal.o(x$fpl$dsqrt)
    __aeabi_dsub                             0x08009ab1   Thumb Code     0  daddsub_clz.o(x$fpl$dsub)
    _dsub                                    0x08009ab1   Thumb Code   464  daddsub_clz.o(x$fpl$dsub)
    __aeabi_f2d                              0x08009c85   Thumb Code     0  f2d.o(x$fpl$f2d)
    _f2d                                     0x08009c85   Thumb Code    86  f2d.o(x$fpl$f2d)
    __fpl_fnaninf                            0x08009cdb   Thumb Code   140  fnaninf.o(x$fpl$fnaninf)
    _fp_init                                 0x08009d67   Thumb Code    10  fpinit.o(x$fpl$fpinit)
    __fplib_config_fpu_vfp                   0x08009d6f   Thumb Code     0  fpinit.o(x$fpl$fpinit)
    __fplib_config_pureend_doubles           0x08009d6f   Thumb Code     0  fpinit.o(x$fpl$fpinit)
    __fpl_fretinf                            0x08009d71   Thumb Code    10  fretinf.o(x$fpl$fretinf)
    _printf_fp_dec                           0x08009d7b   Thumb Code     4  printf1.o(x$fpl$printf1)
    __I$use$fp                               0x08009d7e   Number         0  usenofp.o(x$fpl$usenofp)
    Region$$Table$$Base                      0x08009f84   Number         0  anon$$obj.o(Region$$Table)
    Region$$Table$$Limit                     0x08009fa4   Number         0  anon$$obj.o(Region$$Table)
    SystemCoreClock                          0x20000000   Data           4  system_stm32f4xx.o(.data)
    AHBPrescTable                            0x20000004   Data          16  system_stm32f4xx.o(.data)
    __stdout                                 0x20000028   Data           4  usart.o(.data)
    USART_RX_STA                             0x2000002c   Data           2  usart.o(.data)
    GYRO_ANGLE                               0x2000002e   Data           8  gyro.o(.data)
    M3508_MOTOR_REAL_INFO                    0x20000038   Data           6  m3508.o(.data)
    can1_tx_success_flag                     0x20000040   Data           1  robomodule.o(.data)
    CAN_Time_Out                             0x20000044   Data           4  robomodule.o(.data)
    Real_Current_Value                       0x20000048   Data           8  robomodule.o(.data)
    Real_Velocity_Value                      0x20000050   Data           8  robomodule.o(.data)
    Real_Online                              0x20000058   Data           4  robomodule.o(.data)
    Real_Ctl1_Value                          0x2000005c   Data           4  robomodule.o(.data)
    Real_Ctl2_Value                          0x20000060   Data           4  robomodule.o(.data)
    RANGING_DISTANCE                         0x20000064   Data           4  adc.o(.data)
    test                                     0x20000068   Data           4  adc.o(.data)
    CHASSIS_MOTOR_RPM_DATA                   0x20000070   Data           8  chassis_driver.o(.data)
    NOW_STATE                                0x20000078   Data           1  fsm.o(.data)
    LAST_STATE                               0x20000079   Data           1  fsm.o(.data)
    MOVING_STATE                             0x2000007a   Data           1  fsm.o(.data)
    RELAY_STATE                              0x2000007b   Data           1  fsm.o(.data)
    GRASPING_STATE                           0x2000007c   Data           1  fsm.o(.data)
    THROWING_STATE                           0x2000007d   Data           1  fsm.o(.data)
    OPTAINAL_MODE                            0x2000007e   Data           1  fsm.o(.data)
    MR2_STATE                                0x2000007f   Data           1  fsm.o(.data)
    SHAGAI_CHOICE                            0x20000080   Data           1  fsm.o(.data)
    DEBUG_PLANNING_PATH                      0x20000084   Data         540  moving.o(.data)
    NOW_PATH                                 0x200002a0   Data           4  moving.o(.data)
    PATH_POINT_COUNTER                       0x200002a4   Data           4  moving.o(.data)
    PATH_POINT_SUM                           0x200002a8   Data           4  moving.o(.data)
    YAW_TIME_COUNTER                         0x200002ac   Data           4  moving.o(.data)
    switch_determine                         0x200002b0   Data           4  moving.o(.data)
    USART_RX_BUF                             0x200002b8   Data         200  usart.o(.bss)
    TIM2_TASK_COUNTER_DATA                   0x20000380   Data          20  tim2.o(.bss)
    M3508_PID                                0x20000490   Data          52  m3508.o(.bss)
    Real_Position_Value                      0x200004c4   Data          16  robomodule.o(.bss)
    ADC3_value                               0x200004d4   Data          16  adc.o(.bss)
    n                                        0x200004e4   Data         400  queue.o(.bss)
    ENCO_DIS_DATA                            0x20000674   Data          16  global_location.o(.bss)
    GL_POS_DATA                              0x20000684   Data          12  global_location.o(.bss)
    ROBOT_TARGET_VELOCITY_DATA               0x20000690   Data          20  chassis_driver.o(.bss)
    URTUU_TO_RZ_PATH                         0x200006a4   Data          60  moving.o(.bss)
    LINE1_TO_RZ_PATH                         0x200006e0   Data          60  moving.o(.bss)
    RTUU_TO_RZ_PATH                          0x2000071c   Data          60  moving.o(.bss)
    RZ_TO_S1_PATH                            0x20000758   Data          60  moving.o(.bss)
    LINE1_TO_S1_PATH                         0x20000794   Data          60  moving.o(.bss)
    LINE1_TO_S2_PATH                         0x200007d0   Data          60  moving.o(.bss)
    LINE1_TO_S3_PATH                         0x2000080c   Data          60  moving.o(.bss)
    S1_TO_PZ_PATH                            0x20000848   Data          60  moving.o(.bss)
    PZ_TO_TZ_PATH                            0x20000884   Data          60  moving.o(.bss)
    S1_TO_TZ_PATH                            0x200008c0   Data          60  moving.o(.bss)
    S2_TO_TZ_PATH                            0x200008fc   Data          60  moving.o(.bss)
    S3_TO_TZ_PATH                            0x20000938   Data          60  moving.o(.bss)
    TZ_TO_S1_PATH                            0x20000974   Data          60  moving.o(.bss)
    TZ_TO_S2_PATH                            0x200009b0   Data          60  moving.o(.bss)
    TZ_TO_S3_PATH                            0x200009ec   Data          60  moving.o(.bss)
    mr1                                      0x20000a28   Data          12  moving.o(.bss)
    arc                                      0x20000a34   Data          52  moving.o(.bss)
    line                                     0x20000a68   Data          48  moving.o(.bss)
    point                                    0x20000a98   Data          12  moving.o(.bss)
    traV                                     0x20000aa4   Data          24  moving.o(.bss)
    yaw                                      0x20000abc   Data          12  moving.o(.bss)
    arc_pid                                  0x20000ac8   Data          52  moving.o(.bss)
    line_pid                                 0x20000afc   Data          52  moving.o(.bss)
    point_x_pid                              0x20000b30   Data          52  moving.o(.bss)
    point_y_pid                              0x20000b64   Data          52  moving.o(.bss)
    yaw_pid                                  0x20000b98   Data          52  moving.o(.bss)
    ROBOT_REAL_POS_DATA                      0x20000bcc   Data          24  location.o(.bss)
    ROBOT_POS_OFFSET_DATA                    0x20000be4   Data          16  location.o(.bss)
    __libspace_start                         0x20000bf4   Data          96  libspace.o(.bss)
    __temporary_stack_top$libspace           0x20000c54   Data           0  libspace.o(.bss)



==============================================================================

Memory Map of the image

  Image Entry point : 0x08000189

  Load Region LR_IROM1 (Base: 0x08000000, Size: 0x0000a278, Max: 0x00100000, ABSOLUTE, COMPRESSED[0x0000a050])

    Execution Region ER_IROM1 (Base: 0x08000000, Size: 0x00009fc0, Max: 0x00100000, ABSOLUTE)

    Base Addr    Size         Type   Attr      Idx    E Section Name        Object

    0x08000000   0x00000188   Data   RO          281    RESET               startup_stm32f40_41xxx.o
    0x08000188   0x00000008   Code   RO         1784  * !!!main             c_w.l(__main.o)
    0x08000190   0x00000034   Code   RO         2186    !!!scatter          c_w.l(__scatter.o)
    0x080001c4   0x0000005a   Code   RO         2184    !!dczerorl2         c_w.l(__dczerorl2.o)
    0x0800021e   0x00000002   PAD
    0x08000220   0x0000001c   Code   RO         2188    !!handler_zi        c_w.l(__scatter_zi.o)
    0x0800023c   0x00000000   Code   RO         1781    .ARM.Collect$$_printf_percent$$00000000  c_w.l(_printf_percent.o)
    0x0800023c   0x00000006   Code   RO         1780    .ARM.Collect$$_printf_percent$$00000003  c_w.l(_printf_f.o)
    0x08000242   0x00000004   Code   RO         1898    .ARM.Collect$$_printf_percent$$00000017  c_w.l(_printf_percent_end.o)
    0x08000246   0x00000002   Code   RO         2119    .ARM.Collect$$libinit$$00000000  c_w.l(libinit.o)
    0x08000248   0x00000004   Code   RO         2029    .ARM.Collect$$libinit$$00000001  c_w.l(libinit2.o)
    0x0800024c   0x00000000   Code   RO         2032    .ARM.Collect$$libinit$$00000004  c_w.l(libinit2.o)
    0x0800024c   0x00000000   Code   RO         2035    .ARM.Collect$$libinit$$0000000A  c_w.l(libinit2.o)
    0x0800024c   0x00000000   Code   RO         2037    .ARM.Collect$$libinit$$0000000C  c_w.l(libinit2.o)
    0x0800024c   0x00000000   Code   RO         2039    .ARM.Collect$$libinit$$0000000E  c_w.l(libinit2.o)
    0x0800024c   0x00000006   Code   RO         2040    .ARM.Collect$$libinit$$0000000F  c_w.l(libinit2.o)
    0x08000252   0x00000000   Code   RO         2042    .ARM.Collect$$libinit$$00000011  c_w.l(libinit2.o)
    0x08000252   0x00000000   Code   RO         2044    .ARM.Collect$$libinit$$00000013  c_w.l(libinit2.o)
    0x08000252   0x00000000   Code   RO         2046    .ARM.Collect$$libinit$$00000015  c_w.l(libinit2.o)
    0x08000252   0x0000000a   Code   RO         2047    .ARM.Collect$$libinit$$00000016  c_w.l(libinit2.o)
    0x0800025c   0x00000000   Code   RO         2048    .ARM.Collect$$libinit$$00000017  c_w.l(libinit2.o)
    0x0800025c   0x00000000   Code   RO         2050    .ARM.Collect$$libinit$$00000019  c_w.l(libinit2.o)
    0x0800025c   0x00000000   Code   RO         2052    .ARM.Collect$$libinit$$0000001B  c_w.l(libinit2.o)
    0x0800025c   0x00000000   Code   RO         2054    .ARM.Collect$$libinit$$0000001D  c_w.l(libinit2.o)
    0x0800025c   0x00000000   Code   RO         2056    .ARM.Collect$$libinit$$0000001F  c_w.l(libinit2.o)
    0x0800025c   0x00000000   Code   RO         2058    .ARM.Collect$$libinit$$00000021  c_w.l(libinit2.o)
    0x0800025c   0x00000000   Code   RO         2060    .ARM.Collect$$libinit$$00000023  c_w.l(libinit2.o)
    0x0800025c   0x00000000   Code   RO         2062    .ARM.Collect$$libinit$$00000025  c_w.l(libinit2.o)
    0x0800025c   0x00000000   Code   RO         2066    .ARM.Collect$$libinit$$0000002C  c_w.l(libinit2.o)
    0x0800025c   0x00000000   Code   RO         2068    .ARM.Collect$$libinit$$0000002E  c_w.l(libinit2.o)
    0x0800025c   0x00000000   Code   RO         2070    .ARM.Collect$$libinit$$00000030  c_w.l(libinit2.o)
    0x0800025c   0x00000000   Code   RO         2072    .ARM.Collect$$libinit$$00000032  c_w.l(libinit2.o)
    0x0800025c   0x00000002   Code   RO         2073    .ARM.Collect$$libinit$$00000033  c_w.l(libinit2.o)
    0x0800025e   0x00000002   Code   RO         2181    .ARM.Collect$$libshutdown$$00000000  c_w.l(libshutdown.o)
    0x08000260   0x00000000   Code   RO         2139    .ARM.Collect$$libshutdown$$00000003  c_w.l(libshutdown2.o)
    0x08000260   0x00000000   Code   RO         2142    .ARM.Collect$$libshutdown$$00000006  c_w.l(libshutdown2.o)
    0x08000260   0x00000000   Code   RO         2145    .ARM.Collect$$libshutdown$$00000009  c_w.l(libshutdown2.o)
    0x08000260   0x00000000   Code   RO         2147    .ARM.Collect$$libshutdown$$0000000B  c_w.l(libshutdown2.o)
    0x08000260   0x00000000   Code   RO         2150    .ARM.Collect$$libshutdown$$0000000E  c_w.l(libshutdown2.o)
    0x08000260   0x00000002   Code   RO         2151    .ARM.Collect$$libshutdown$$0000000F  c_w.l(libshutdown2.o)
    0x08000262   0x00000000   Code   RO         1864    .ARM.Collect$$rtentry$$00000000  c_w.l(__rtentry.o)
    0x08000262   0x00000000   Code   RO         1948    .ARM.Collect$$rtentry$$00000002  c_w.l(__rtentry2.o)
    0x08000262   0x00000006   Code   RO         1960    .ARM.Collect$$rtentry$$00000004  c_w.l(__rtentry4.o)
    0x08000268   0x00000000   Code   RO         1950    .ARM.Collect$$rtentry$$00000009  c_w.l(__rtentry2.o)
    0x08000268   0x00000004   Code   RO         1951    .ARM.Collect$$rtentry$$0000000A  c_w.l(__rtentry2.o)
    0x0800026c   0x00000000   Code   RO         1953    .ARM.Collect$$rtentry$$0000000C  c_w.l(__rtentry2.o)
    0x0800026c   0x00000008   Code   RO         1954    .ARM.Collect$$rtentry$$0000000D  c_w.l(__rtentry2.o)
    0x08000274   0x00000002   Code   RO         2123    .ARM.Collect$$rtexit$$00000000  c_w.l(rtexit.o)
    0x08000276   0x00000000   Code   RO         2155    .ARM.Collect$$rtexit$$00000002  c_w.l(rtexit2.o)
    0x08000276   0x00000004   Code   RO         2156    .ARM.Collect$$rtexit$$00000003  c_w.l(rtexit2.o)
    0x0800027a   0x00000006   Code   RO         2157    .ARM.Collect$$rtexit$$00000004  c_w.l(rtexit2.o)
    0x08000280   0x00000050   Code   RO            3    .text               main.o
    0x080002d0   0x00000210   Code   RO          255    .text               system_stm32f4xx.o
    0x080004e0   0x00000040   Code   RO          282    .text               startup_stm32f40_41xxx.o
    0x08000520   0x000000e0   Code   RO          288    .text               misc.o
    0x08000600   0x00000464   Code   RO          334    .text               stm32f4xx_adc.o
    0x08000a64   0x000009f0   Code   RO          354    .text               stm32f4xx_can.o
    0x08001454   0x00000294   Code   RO          663    .text               stm32f4xx_gpio.o
    0x080016e8   0x0000065c   Code   RO          826    .text               stm32f4xx_rcc.o
    0x08001d44   0x00000ca2   Code   RO          971    .text               stm32f4xx_tim.o
    0x080029e6   0x00000002   PAD
    0x080029e8   0x00000454   Code   RO          991    .text               stm32f4xx_usart.o
    0x08002e3c   0x00000104   Code   RO         1031    .text               delay.o
    0x08002f40   0x00000148   Code   RO         1071    .text               usart.o
    0x08003088   0x0000004c   Code   RO         1102    .text               bsp.o
    0x080030d4   0x000000e4   Code   RO         1153    .text               tim2.o
    0x080031b8   0x00000350   Code   RO         1179    .text               can1.o
    0x08003508   0x00000158   Code   RO         1199    .text               can2.o
    0x08003660   0x00000140   Code   RO         1219    .text               gyro.o
    0x080037a0   0x00000384   Code   RO         1259    .text               pid.o
    0x08003b24   0x00000180   Code   RO         1279    .text               encoder.o
    0x08003ca4   0x00000184   Code   RO         1299    .text               m3508.o
    0x08003e28   0x000008b8   Code   RO         1327    .text               robomodule.o
    0x080046e0   0x000001b4   Code   RO         1357    .text               adc.o
    0x08004894   0x000000f4   Code   RO         1442    .text               queue.o
    0x08004988   0x00000524   Code   RO         1465    .text               global_location.o
    0x08004eac   0x00000484   Code   RO         1504    .text               chassis_driver.o
    0x08005330   0x000000f4   Code   RO         1582    .text               task.o
    0x08005424   0x00001da4   Code   RO         1602    .text               moving.o
    0x080071c8   0x00000050   Code   RO         1637    .text               location.o
    0x08007218   0x0000018c   Code   RO         1675    .text               debug.o
    0x080073a4   0x00000002   Code   RO         1696    .text               c_w.l(use_no_semi_2.o)
    0x080073a6   0x0000004e   Code   RO         1700    .text               c_w.l(h1_free.o)
    0x080073f4   0x00000018   Code   RO         1756    .text               c_w.l(noretval__2printf.o)
    0x0800740c   0x00000068   Code   RO         1758    .text               c_w.l(__printf.o)
    0x08007474   0x00000006   Code   RO         1782    .text               c_w.l(heapauxi.o)
    0x0800747a   0x00000002   Code   RO         1860    .text               c_w.l(use_no_semi.o)
    0x0800747c   0x00000008   Code   RO         1868    .text               c_w.l(rt_heap_descriptor_intlibspace.o)
    0x08007484   0x00000016   Code   RO         1892    .text               c_w.l(_rserrno.o)
    0x0800749a   0x0000041a   Code   RO         1894    .text               c_w.l(_printf_fp_dec.o)
    0x080078b4   0x00000024   Code   RO         1896    .text               c_w.l(_printf_char_file.o)
    0x080078d8   0x00000008   Code   RO         1944    .text               c_w.l(libspace.o)
    0x080078e0   0x00000008   Code   RO         1965    .text               c_w.l(rt_locale_intlibspace.o)
    0x080078e8   0x00000008   Code   RO         1970    .text               c_w.l(rt_errno_addr_intlibspace.o)
    0x080078f0   0x0000008a   Code   RO         1982    .text               c_w.l(lludiv10.o)
    0x0800797a   0x00000002   PAD
    0x0800797c   0x00000030   Code   RO         1984    .text               c_w.l(_printf_char_common.o)
    0x080079ac   0x00000080   Code   RO         1986    .text               c_w.l(_printf_fp_infnan.o)
    0x08007a2c   0x000000dc   Code   RO         1988    .text               c_w.l(bigflt0.o)
    0x08007b08   0x00000008   Code   RO         2013    .text               c_w.l(ferror.o)
    0x08007b10   0x0000004a   Code   RO         2094    .text               c_w.l(sys_stackheap_outer.o)
    0x08007b5a   0x0000000c   Code   RO         2104    .text               c_w.l(exit.o)
    0x08007b66   0x00000002   PAD
    0x08007b68   0x00000080   Code   RO         2110    .text               c_w.l(strcmpv7m.o)
    0x08007be8   0x0000003e   Code   RO         1991    CL$$btod_d2e        c_w.l(btod.o)
    0x08007c26   0x00000046   Code   RO         1993    CL$$btod_d2e_denorm_low  c_w.l(btod.o)
    0x08007c6c   0x00000060   Code   RO         1992    CL$$btod_d2e_norm_op1  c_w.l(btod.o)
    0x08007ccc   0x00000338   Code   RO         2001    CL$$btod_div_common  c_w.l(btod.o)
    0x08008004   0x000000c6   Code   RO         1998    CL$$btod_e2e        c_w.l(btod.o)
    0x080080ca   0x00000028   Code   RO         1995    CL$$btod_ediv       c_w.l(btod.o)
    0x080080f2   0x00000028   Code   RO         1994    CL$$btod_emul       c_w.l(btod.o)
    0x0800811a   0x00000244   Code   RO         2000    CL$$btod_mult_common  c_w.l(btod.o)
    0x0800835e   0x00000030   Code   RO         2090    i.__ARM_fpclassify  m_wm.l(fpclassify.o)
    0x0800838e   0x00000002   PAD
    0x08008390   0x00000358   Code   RO         1810    i.__hardfp_acos     m_wm.l(acos.o)
    0x080086e8   0x000000c8   Code   RO         1824    i.__hardfp_cos      m_wm.l(cos.o)
    0x080087b0   0x000000c8   Code   RO         1836    i.__hardfp_sin      m_wm.l(sin.o)
    0x08008878   0x0000007a   Code   RO         1848    i.__hardfp_sqrt     m_wm.l(sqrt.o)
    0x080088f2   0x00000006   PAD
    0x080088f8   0x00000438   Code   RO         1933    i.__ieee754_rem_pio2  m_wm.l(rred.o)
    0x08008d30   0x00000170   Code   RO         1914    i.__kernel_cos      m_wm.l(cos_i.o)
    0x08008ea0   0x000000f8   Code   RO         1931    i.__kernel_poly     m_wm.l(poly.o)
    0x08008f98   0x00000130   Code   RO         1938    i.__kernel_sin      m_wm.l(sin_i.o)
    0x080090c8   0x00000014   Code   RO         1918    i.__mathlib_dbl_infnan  m_wm.l(dunder.o)
    0x080090dc   0x00000004   PAD
    0x080090e0   0x00000020   Code   RO         1920    i.__mathlib_dbl_invalid  m_wm.l(dunder.o)
    0x08009100   0x00000020   Code   RO         1923    i.__mathlib_dbl_underflow  m_wm.l(dunder.o)
    0x08009120   0x00000018   Code   RO         2086    i.fabs              m_wm.l(fabs.o)
    0x08009138   0x0000006e   Code   RO         1850    i.sqrt              m_wm.l(sqrt.o)
    0x080091a6   0x00000002   PAD
    0x080091a8   0x0000002c   Code   RO         2018    locale$$code        c_w.l(lc_numeric_c.o)
    0x080091d4   0x00000018   Code   RO         1786    x$fpl$basic         fz_wm.l(basic.o)
    0x080091ec   0x00000062   Code   RO         1788    x$fpl$d2f           fz_wm.l(d2f.o)
    0x0800924e   0x00000002   PAD
    0x08009250   0x00000150   Code   RO         1790    x$fpl$dadd          fz_wm.l(daddsub_clz.o)
    0x080093a0   0x000002b0   Code   RO         1797    x$fpl$ddiv          fz_wm.l(ddiv.o)
    0x08009650   0x0000005e   Code   RO         1800    x$fpl$dfix          fz_wm.l(dfix.o)
    0x080096ae   0x0000002e   Code   RO         2077    x$fpl$dflt          fz_wm.l(dflt_clz.o)
    0x080096dc   0x00000026   Code   RO         2076    x$fpl$dfltu         fz_wm.l(dflt_clz.o)
    0x08009702   0x00000002   PAD
    0x08009704   0x00000154   Code   RO         1804    x$fpl$dmul          fz_wm.l(dmul.o)
    0x08009858   0x0000009c   Code   RO         1903    x$fpl$dnaninf       fz_wm.l(dnaninf.o)
    0x080098f4   0x0000000c   Code   RO         1905    x$fpl$dretinf       fz_wm.l(dretinf.o)
    0x08009900   0x00000016   Code   RO         1791    x$fpl$drsb          fz_wm.l(daddsub_clz.o)
    0x08009916   0x00000002   PAD
    0x08009918   0x00000198   Code   RO         1907    x$fpl$dsqrt         fz_wm.l(dsqrt_umaal.o)
    0x08009ab0   0x000001d4   Code   RO         1792    x$fpl$dsub          fz_wm.l(daddsub_clz.o)
    0x08009c84   0x00000056   Code   RO         1806    x$fpl$f2d           fz_wm.l(f2d.o)
    0x08009cda   0x0000008c   Code   RO         1909    x$fpl$fnaninf       fz_wm.l(fnaninf.o)
    0x08009d66   0x0000000a   Code   RO         2120    x$fpl$fpinit        fz_wm.l(fpinit.o)
    0x08009d70   0x0000000a   Code   RO         1911    x$fpl$fretinf       fz_wm.l(fretinf.o)
    0x08009d7a   0x00000004   Code   RO         1808    x$fpl$printf1       fz_wm.l(printf1.o)
    0x08009d7e   0x00000000   Code   RO         1913    x$fpl$usenofp       fz_wm.l(usenofp.o)
    0x08009d7e   0x00000002   PAD
    0x08009d80   0x00000050   Data   RO         1813    .constdata          m_wm.l(acos.o)
    0x08009dd0   0x00000030   Data   RO         1915    .constdata          m_wm.l(cos_i.o)
    0x08009e00   0x000000c8   Data   RO         1935    .constdata          m_wm.l(rred.o)
    0x08009ec8   0x00000028   Data   RO         1939    .constdata          m_wm.l(sin_i.o)
    0x08009ef0   0x00000094   Data   RO         1989    .constdata          c_w.l(bigflt0.o)
    0x08009f84   0x00000020   Data   RO         2182    Region$$Table       anon$$obj.o
    0x08009fa4   0x0000001c   Data   RO         2017    locale$$data        c_w.l(lc_numeric_c.o)


    Execution Region RW_IRAM1 (Base: 0x20000000, Size: 0x00001458, Max: 0x00020000, ABSOLUTE, COMPRESSED[0x00000090])

    Base Addr    Size         Type   Attr      Idx    E Section Name        Object

    0x20000000   0x00000014   Data   RW          256    .data               system_stm32f4xx.o
    0x20000014   0x00000010   Data   RW          827    .data               stm32f4xx_rcc.o
    0x20000024   0x00000004   Data   RW         1032    .data               delay.o
    0x20000028   0x00000006   Data   RW         1073    .data               usart.o
    0x2000002e   0x0000000a   Data   RW         1221    .data               gyro.o
    0x20000038   0x00000006   Data   RW         1301    .data               m3508.o
    0x2000003e   0x00000002   PAD
    0x20000040   0x00000024   Data   RW         1329    .data               robomodule.o
    0x20000064   0x00000008   Data   RW         1359    .data               adc.o
    0x2000006c   0x00000004   Data   RW         1467    .data               global_location.o
    0x20000070   0x00000008   Data   RW         1506    .data               chassis_driver.o
    0x20000078   0x00000009   Data   RW         1553    .data               fsm.o
    0x20000081   0x00000003   PAD
    0x20000084   0x00000232   Data   RW         1604    .data               moving.o
    0x200002b6   0x00000002   PAD
    0x200002b8   0x000000c8   Zero   RW         1072    .bss                usart.o
    0x20000380   0x00000014   Zero   RW         1154    .bss                tim2.o
    0x20000394   0x000000fa   Zero   RW         1220    .bss                gyro.o
    0x2000048e   0x00000002   PAD
    0x20000490   0x00000034   Zero   RW         1300    .bss                m3508.o
    0x200004c4   0x00000010   Zero   RW         1328    .bss                robomodule.o
    0x200004d4   0x00000010   Zero   RW         1358    .bss                adc.o
    0x200004e4   0x00000190   Zero   RW         1443    .bss                queue.o
    0x20000674   0x0000001c   Zero   RW         1466    .bss                global_location.o
    0x20000690   0x00000014   Zero   RW         1505    .bss                chassis_driver.o
    0x200006a4   0x00000528   Zero   RW         1603    .bss                moving.o
    0x20000bcc   0x00000028   Zero   RW         1638    .bss                location.o
    0x20000bf4   0x00000060   Zero   RW         1945    .bss                c_w.l(libspace.o)
    0x20000c54   0x00000004   PAD
    0x20000c58   0x00000400   Zero   RW          280    HEAP                startup_stm32f40_41xxx.o
    0x20001058   0x00000400   Zero   RW          279    STACK               startup_stm32f40_41xxx.o


==============================================================================

Image component sizes


      Code (inc. data)   RO Data    RW Data    ZI Data      Debug   Object Name

       436         36          0          8         16       1430   adc.o
        76          4          0          0          0       2061   bsp.o
       848         36          0          0          0       1272   can1.o
       344         10          0          0          0       1060   can2.o
      1156         30          0          8         20       1534   chassis_driver.o
       396         92          0          0          0       1177   debug.o
       260          8          0          4          0       1409   delay.o
       384         18          0          0          0       1398   encoder.o
         0          0          0          9          0       1900   fsm.o
      1316         74          0          4         28       2820   global_location.o
       320         26          0         10        250       1466   gyro.o
        80         10          0          0         40       2183   location.o
       388         28          0          6         52       1933   m3508.o
        80         10          0          0          0      57024   main.o
       224         20          0          0          0     252993   misc.o
      7588        454          0        562       1320      12853   moving.o
       900          4          0          0          0       2817   pid.o
       244          4          0          0        400       2925   queue.o
      2232         40          0         36         16       8360   robomodule.o
        64         26        392          0       2048        824   startup_stm32f40_41xxx.o
      1124         24          0          0          0      10466   stm32f4xx_adc.o
      2544         38          0          0          0       7944   stm32f4xx_can.o
       660         44          0          0          0       4069   stm32f4xx_gpio.o
      1628         52          0         16          0      12844   stm32f4xx_rcc.o
      3234         60          0          0          0      22272   stm32f4xx_tim.o
      1108         34          0          0          0       7768   stm32f4xx_usart.o
       528         46          0         20          0       1739   system_stm32f4xx.o
       244          6          0          0          0       1685   task.o
       228          4          0          0         20       1103   tim2.o
       328         16          0          6        200       3262   usart.o

    ----------------------------------------------------------------------
     28964       1254        424        696       4412     432591   Object Totals
         0          0         32          0          0          0   (incl. Generated)
         2          0          0          7          2          0   (incl. Padding)

    ----------------------------------------------------------------------

      Code (inc. data)   RO Data    RW Data    ZI Data      Debug   Library Member Name

        90          0          0          0          0          0   __dczerorl2.o
         8          0          0          0          0         68   __main.o
       104          0          0          0          0         84   __printf.o
         0          0          0          0          0          0   __rtentry.o
        12          0          0          0          0          0   __rtentry2.o
         6          0          0          0          0          0   __rtentry4.o
        52          8          0          0          0          0   __scatter.o
        28          0          0          0          0          0   __scatter_zi.o
        48          6          0          0          0         96   _printf_char_common.o
        36          4          0          0          0         80   _printf_char_file.o
         6          0          0          0          0          0   _printf_f.o
      1050          0          0          0          0        216   _printf_fp_dec.o
       128         16          0          0          0         84   _printf_fp_infnan.o
         0          0          0          0          0          0   _printf_percent.o
         4          0          0          0          0          0   _printf_percent_end.o
        22          0          0          0          0        100   _rserrno.o
       220          4        148          0          0         96   bigflt0.o
      1910        128          0          0          0        672   btod.o
        12          0          0          0          0         72   exit.o
         8          0          0          0          0         68   ferror.o
        78          0          0          0          0         80   h1_free.o
         6          0          0          0          0        152   heapauxi.o
        44         10         28          0          0         76   lc_numeric_c.o
         2          0          0          0          0          0   libinit.o
        22          0          0          0          0          0   libinit2.o
         2          0          0          0          0          0   libshutdown.o
         2          0          0          0          0          0   libshutdown2.o
         8          4          0          0         96         68   libspace.o
       138          0          0          0          0         80   lludiv10.o
        24          4          0          0          0         84   noretval__2printf.o
         8          4          0          0          0         68   rt_errno_addr_intlibspace.o
         8          4          0          0          0         68   rt_heap_descriptor_intlibspace.o
         8          4          0          0          0         68   rt_locale_intlibspace.o
         2          0          0          0          0          0   rtexit.o
        10          0          0          0          0          0   rtexit2.o
       128          0          0          0          0         68   strcmpv7m.o
        74          0          0          0          0         80   sys_stackheap_outer.o
         2          0          0          0          0         68   use_no_semi.o
         2          0          0          0          0         68   use_no_semi_2.o
        24          0          0          0          0        164   basic.o
        98          4          0          0          0        140   d2f.o
       826         16          0          0          0        492   daddsub_clz.o
       688        140          0          0          0        256   ddiv.o
        94          4          0          0          0        140   dfix.o
        84          0          0          0          0        232   dflt_clz.o
       340         12          0          0          0        152   dmul.o
       156          4          0          0          0        140   dnaninf.o
        12          0          0          0          0        116   dretinf.o
       408         56          0          0          0        168   dsqrt_umaal.o
        86          4          0          0          0        132   f2d.o
       140          4          0          0          0        132   fnaninf.o
        10          0          0          0          0        116   fpinit.o
        10          0          0          0          0        116   fretinf.o
         4          0          0          0          0        116   printf1.o
         0          0          0          0          0          0   usenofp.o
       856        118         80          0          0        288   acos.o
       200         20          0          0          0        164   cos.o
       368         46         48          0          0        200   cos_i.o
        84         16          0          0          0        372   dunder.o
        24          0          0          0          0        124   fabs.o
        48          0          0          0          0        124   fpclassify.o
       248          0          0          0          0        152   poly.o
      1080        142        200          0          0        188   rred.o
       200         20          0          0          0        164   sin.o
       304         24         40          0          0        208   sin_i.o
       232          0          0          0          0        296   sqrt.o

    ----------------------------------------------------------------------
     10964        826        544          0        100       7556   Library Totals
        28          0          0          0          4          0   (incl. Padding)

    ----------------------------------------------------------------------

      Code (inc. data)   RO Data    RW Data    ZI Data      Debug   Library Name

      4312        196        176          0         96       2664   c_w.l
      2980        244          0          0          0       2612   fz_wm.l
      3644        386        368          0          0       2280   m_wm.l

    ----------------------------------------------------------------------
     10964        826        544          0        100       7556   Library Totals

    ----------------------------------------------------------------------

==============================================================================


      Code (inc. data)   RO Data    RW Data    ZI Data      Debug   

     39928       2080        968        696       4512     430291   Grand Totals
     39928       2080        968        144       4512     430291   ELF Image Totals (compressed)
     39928       2080        968        144          0          0   ROM Totals

==============================================================================

    Total RO  Size (Code + RO Data)                40896 (  39.94kB)
    Total RW  Size (RW Data + ZI Data)              5208 (   5.09kB)
    Total ROM Size (Code + RO Data + RW Data)      41040 (  40.08kB)

==============================================================================

